{
    "process": "gptq",
    "layer": 0,
    "module": "self_attn.v_proj",
    "feat: in, out": "2048, 1024",
    "dtype: size": "bf16: 4.1MB",
    "loss": "0.0000008099",
    "samples": "156181",
    "damp": "0.05000",
    "time": "6.482",
    "fwd_time": "1.516",
    "(v)ram": "cuda 3.79G"
}
{
    "process": "gptq",
    "layer": 0,
    "module": "self_attn.k_proj",
    "feat: in, out": "2048, 1024",
    "dtype: size": "bf16: 4.1MB",
    "loss": "0.0000009363",
    "samples": "156181",
    "damp": "0.05000",
    "time": "6.485",
    "fwd_time": "1.516",
    "(v)ram": "cuda 3.79G"
}
{
    "process": "gptq",
    "layer": 0,
    "module": "self_attn.q_proj",
    "feat: in, out": "2048, 2048",
    "dtype: size": "bf16: 8.3MB",
    "loss": "0.0000019539",
    "samples": "156181",
    "damp": "0.05000",
    "time": "6.781",
    "fwd_time": "1.516",
    "(v)ram": "cuda 3.79G"
}
{
    "process": "gptq",
    "layer": 0,
    "module": "self_attn.o_proj",
    "feat: in, out": "2048, 2048",
    "dtype: size": "bf16: 8.3MB",
    "loss": "0.0000021105",
    "samples": "156181",
    "damp": "0.05000",
    "time": "2.153",
    "fwd_time": "1.139",
    "(v)ram": "cuda 3.88G"
}
{
    "process": "gptq",
    "layer": 0,
    "module": "mlp.up_proj",
    "feat: in, out": "2048, 6144",
    "dtype: size": "bf16: 24.8MB",
    "loss": "0.0000126175",
    "samples": "156181",
    "damp": "0.05000",
    "time": "4.138",
    "fwd_time": "1.229",
    "(v)ram": "cuda 4.26G"
}
{
    "process": "gptq",
    "layer": 0,
    "module": "mlp.gate_proj",
    "feat: in, out": "2048, 6144",
    "dtype: size": "bf16: 24.8MB",
    "loss": "0.0000193782",
    "samples": "156181",
    "damp": "0.05000",
    "time": "4.170",
    "fwd_time": "1.229",
    "(v)ram": "cuda 4.26G"
}
{
    "process": "gptq",
    "layer": 0,
    "module": "mlp.down_proj",
    "feat: in, out": "6144, 2048",
    "dtype: size": "bf16: 24.8MB",
    "loss": "0.0000042792",
    "samples": "156181",
    "damp": "0.05000",
    "time": "6.402",
    "fwd_time": "2.100",
    "(v)ram": "cuda 4.82G"
}
{
    "process": "gptq",
    "layer": 1,
    "module": "self_attn.v_proj",
    "feat: in, out": "2048, 1024",
    "dtype: size": "bf16: 4.1MB",
    "loss": "0.0000005888",
    "samples": "156181",
    "damp": "0.05000",
    "time": "6.159",
    "fwd_time": "1.066",
    "(v)ram": "cuda 4.86G"
}
{
    "process": "gptq",
    "layer": 1,
    "module": "self_attn.q_proj",
    "feat: in, out": "2048, 2048",
    "dtype: size": "bf16: 8.3MB",
    "loss": "0.0000012255",
    "samples": "156181",
    "damp": "0.05000",
    "time": "6.263",
    "fwd_time": "1.066",
    "(v)ram": "cuda 4.86G"
}
{
    "process": "gptq",
    "layer": 1,
    "module": "self_attn.k_proj",
    "feat: in, out": "2048, 1024",
    "dtype: size": "bf16: 4.1MB",
    "loss": "0.0000006025",
    "samples": "156181",
    "damp": "0.05000",
    "time": "6.298",
    "fwd_time": "1.066",
    "(v)ram": "cuda 4.86G"
}
{
    "process": "gptq",
    "layer": 1,
    "module": "self_attn.o_proj",
    "feat: in, out": "2048, 2048",
    "dtype: size": "bf16: 8.3MB",
    "loss": "0.0000006828",
    "samples": "156181",
    "damp": "0.05000",
    "time": "2.051",
    "fwd_time": "0.730",
    "(v)ram": "cuda 4.86G"
}
{
    "process": "gptq",
    "layer": 1,
    "module": "mlp.up_proj",
    "feat: in, out": "2048, 6144",
    "dtype: size": "bf16: 24.8MB",
    "loss": "0.0001150522",
    "samples": "156181",
    "damp": "0.05000",
    "time": "4.137",
    "fwd_time": "1.145",
    "(v)ram": "cuda 4.86G"
}
{
    "process": "gptq",
    "layer": 1,
    "module": "mlp.gate_proj",
    "feat: in, out": "2048, 6144",
    "dtype: size": "bf16: 24.8MB",
    "loss": "0.0002803382",
    "samples": "156181",
    "damp": "0.05000",
    "time": "4.189",
    "fwd_time": "1.145",
    "(v)ram": "cuda 4.86G"
}
{
    "process": "gptq",
    "layer": 1,
    "module": "mlp.down_proj",
    "feat: in, out": "6144, 2048",
    "dtype: size": "bf16: 24.8MB",
    "loss": "0.0000070169",
    "samples": "156181",
    "damp": "0.05000",
    "time": "6.245",
    "fwd_time": "1.908",
    "(v)ram": "cuda 5.14G"
}
{
    "process": "gptq",
    "layer": 2,
    "module": "self_attn.v_proj",
    "feat: in, out": "2048, 1024",
    "dtype: size": "bf16: 4.1MB",
    "loss": "0.0000012251",
    "samples": "156181",
    "damp": "0.05000",
    "time": "6.054",
    "fwd_time": "1.071",
    "(v)ram": "cuda 5.19G"
}
{
    "process": "gptq",
    "layer": 2,
    "module": "self_attn.q_proj",
    "feat: in, out": "2048, 2048",
    "dtype: size": "bf16: 8.3MB",
    "loss": "0.0000026522",
    "samples": "156181",
    "damp": "0.05000",
    "time": "6.059",
    "fwd_time": "1.071",
    "(v)ram": "cuda 5.19G"
}
{
    "process": "gptq",
    "layer": 2,
    "module": "self_attn.k_proj",
    "feat: in, out": "2048, 1024",
    "dtype: size": "bf16: 4.1MB",
    "loss": "0.0000012103",
    "samples": "156181",
    "damp": "0.05000",
    "time": "6.083",
    "fwd_time": "1.071",
    "(v)ram": "cuda 5.19G"
}
{
    "process": "gptq",
    "layer": 2,
    "module": "self_attn.o_proj",
    "feat: in, out": "2048, 2048",
    "dtype: size": "bf16: 8.3MB",
    "loss": "0.0000011537",
    "samples": "156181",
    "damp": "0.05000",
    "time": "2.107",
    "fwd_time": "0.780",
    "(v)ram": "cuda 5.19G"
}
{
    "process": "gptq",
    "layer": 2,
    "module": "mlp.up_proj",
    "feat: in, out": "2048, 6144",
    "dtype: size": "bf16: 24.8MB",
    "loss": "0.0000981638",
    "samples": "156181",
    "damp": "0.05000",
    "time": "4.048",
    "fwd_time": "1.161",
    "(v)ram": "cuda 5.19G"
}
{
    "process": "gptq",
    "layer": 2,
    "module": "mlp.gate_proj",
    "feat: in, out": "2048, 6144",
    "dtype: size": "bf16: 24.8MB",
    "loss": "0.0002376287",
    "samples": "156181",
    "damp": "0.05000",
    "time": "4.059",
    "fwd_time": "1.161",
    "(v)ram": "cuda 5.19G"
}
{
    "process": "gptq",
    "layer": 2,
    "module": "mlp.down_proj",
    "feat: in, out": "6144, 2048",
    "dtype: size": "bf16: 24.8MB",
    "loss": "0.0095153723",
    "samples": "156181",
    "damp": "0.05000",
    "time": "6.310",
    "fwd_time": "1.866",
    "(v)ram": "cuda 5.61G"
}
{
    "process": "gptq",
    "layer": 3,
    "module": "self_attn.v_proj",
    "feat: in, out": "2048, 1024",
    "dtype: size": "bf16: 4.1MB",
    "loss": "0.0000094178",
    "samples": "156181",
    "damp": "0.05000",
    "time": "6.219",
    "fwd_time": "1.112",
    "(v)ram": "cuda 5.61G"
}
{
    "process": "gptq",
    "layer": 3,
    "module": "self_attn.k_proj",
    "feat: in, out": "2048, 1024",
    "dtype: size": "bf16: 4.1MB",
    "loss": "0.0000092187",
    "samples": "156181",
    "damp": "0.05000",
    "time": "6.223",
    "fwd_time": "1.112",
    "(v)ram": "cuda 5.61G"
}
{
    "process": "gptq",
    "layer": 3,
    "module": "self_attn.q_proj",
    "feat: in, out": "2048, 2048",
    "dtype: size": "bf16: 8.3MB",
    "loss": "0.0000178407",
    "samples": "156181",
    "damp": "0.05000",
    "time": "6.238",
    "fwd_time": "1.112",
    "(v)ram": "cuda 5.61G"
}
{
    "process": "gptq",
    "layer": 3,
    "module": "self_attn.o_proj",
    "feat: in, out": "2048, 2048",
    "dtype: size": "bf16: 8.3MB",
    "loss": "0.0000020254",
    "samples": "156181",
    "damp": "0.05000",
    "time": "2.103",
    "fwd_time": "0.699",
    "(v)ram": "cuda 5.61G"
}
{
    "process": "gptq",
    "layer": 3,
    "module": "mlp.up_proj",
    "feat: in, out": "2048, 6144",
    "dtype: size": "bf16: 24.8MB",
    "loss": "0.0001313815",
    "samples": "156181",
    "damp": "0.05000",
    "time": "4.180",
    "fwd_time": "1.081",
    "(v)ram": "cuda 5.61G"
}
{
    "process": "gptq",
    "layer": 3,
    "module": "mlp.gate_proj",
    "feat: in, out": "2048, 6144",
    "dtype: size": "bf16: 24.8MB",
    "loss": "0.0002985342",
    "samples": "156181",
    "damp": "0.05000",
    "time": "4.279",
    "fwd_time": "1.081",
    "(v)ram": "cuda 5.61G"
}
{
    "process": "gptq",
    "layer": 3,
    "module": "mlp.down_proj",
    "feat: in, out": "6144, 2048",
    "dtype: size": "bf16: 24.8MB",
    "loss": "0.0000139810",
    "samples": "156181",
    "damp": "0.05000",
    "time": "6.357",
    "fwd_time": "1.949",
    "(v)ram": "cuda 5.61G"
}
{
    "process": "gptq",
    "layer": 4,
    "module": "self_attn.q_proj",
    "feat: in, out": "2048, 2048",
    "dtype: size": "bf16: 8.3MB",
    "loss": "0.0000170905",
    "samples": "156181",
    "damp": "0.05000",
    "time": "5.951",
    "fwd_time": "1.085",
    "(v)ram": "cuda 5.61G"
}
{
    "process": "gptq",
    "layer": 4,
    "module": "self_attn.k_proj",
    "feat: in, out": "2048, 1024",
    "dtype: size": "bf16: 4.1MB",
    "loss": "0.0000084070",
    "samples": "156181",
    "damp": "0.05000",
    "time": "6.025",
    "fwd_time": "1.085",
    "(v)ram": "cuda 5.61G"
}
{
    "process": "gptq",
    "layer": 4,
    "module": "self_attn.v_proj",
    "feat: in, out": "2048, 1024",
    "dtype: size": "bf16: 4.1MB",
    "loss": "0.0000091385",
    "samples": "156181",
    "damp": "0.05000",
    "time": "6.074",
    "fwd_time": "1.085",
    "(v)ram": "cuda 5.61G"
}
{
    "process": "gptq",
    "layer": 4,
    "module": "self_attn.o_proj",
    "feat: in, out": "2048, 2048",
    "dtype: size": "bf16: 8.3MB",
    "loss": "0.0000035754",
    "samples": "156181",
    "damp": "0.05000",
    "time": "2.244",
    "fwd_time": "0.717",
    "(v)ram": "cuda 5.61G"
}
{
    "process": "gptq",
    "layer": 4,
    "module": "mlp.gate_proj",
    "feat: in, out": "2048, 6144",
    "dtype: size": "bf16: 24.8MB",
    "loss": "0.0002787901",
    "samples": "156181",
    "damp": "0.05000",
    "time": "4.283",
    "fwd_time": "1.149",
    "(v)ram": "cuda 5.61G"
}
{
    "process": "gptq",
    "layer": 4,
    "module": "mlp.up_proj",
    "feat: in, out": "2048, 6144",
    "dtype: size": "bf16: 24.8MB",
    "loss": "0.0001325449",
    "samples": "156181",
    "damp": "0.05000",
    "time": "4.497",
    "fwd_time": "1.149",
    "(v)ram": "cuda 5.61G"
}
{
    "process": "gptq",
    "layer": 4,
    "module": "mlp.down_proj",
    "feat: in, out": "6144, 2048",
    "dtype: size": "bf16: 24.8MB",
    "loss": "0.0000208249",
    "samples": "156181",
    "damp": "0.05000",
    "time": "6.569",
    "fwd_time": "1.935",
    "(v)ram": "cuda 5.61G"
}
{
    "process": "gptq",
    "layer": 5,
    "module": "self_attn.k_proj",
    "feat: in, out": "2048, 1024",
    "dtype: size": "bf16: 4.1MB",
    "loss": "0.0000114867",
    "samples": "156181",
    "damp": "0.05000",
    "time": "6.240",
    "fwd_time": "1.188",
    "(v)ram": "cuda 5.61G"
}
{
    "process": "gptq",
    "layer": 5,
    "module": "self_attn.v_proj",
    "feat: in, out": "2048, 1024",
    "dtype: size": "bf16: 4.1MB",
    "loss": "0.0000143213",
    "samples": "156181",
    "damp": "0.05000",
    "time": "6.709",
    "fwd_time": "1.188",
    "(v)ram": "cuda 5.61G"
}
{
    "process": "gptq",
    "layer": 5,
    "module": "self_attn.q_proj",
    "feat: in, out": "2048, 2048",
    "dtype: size": "bf16: 8.3MB",
    "loss": "0.0000267005",
    "samples": "156181",
    "damp": "0.05000",
    "time": "6.868",
    "fwd_time": "1.188",
    "(v)ram": "cuda 5.61G"
}
{
    "process": "gptq",
    "layer": 5,
    "module": "self_attn.o_proj",
    "feat: in, out": "2048, 2048",
    "dtype: size": "bf16: 8.3MB",
    "loss": "0.0000059249",
    "samples": "156181",
    "damp": "0.05000",
    "time": "2.216",
    "fwd_time": "0.683",
    "(v)ram": "cuda 5.61G"
}
{
    "process": "gptq",
    "layer": 5,
    "module": "mlp.gate_proj",
    "feat: in, out": "2048, 6144",
    "dtype: size": "bf16: 24.8MB",
    "loss": "0.0001430305",
    "samples": "156181",
    "damp": "0.05000",
    "time": "4.459",
    "fwd_time": "1.058",
    "(v)ram": "cuda 5.61G"
}
{
    "process": "gptq",
    "layer": 5,
    "module": "mlp.up_proj",
    "feat: in, out": "2048, 6144",
    "dtype: size": "bf16: 24.8MB",
    "loss": "0.0000982137",
    "samples": "156181",
    "damp": "0.05000",
    "time": "4.474",
    "fwd_time": "1.058",
    "(v)ram": "cuda 5.61G"
}
{
    "process": "gptq",
    "layer": 5,
    "module": "mlp.down_proj",
    "feat: in, out": "6144, 2048",
    "dtype: size": "bf16: 24.8MB",
    "loss": "0.0000251048",
    "samples": "156181",
    "damp": "0.05000",
    "time": "6.349",
    "fwd_time": "1.897",
    "(v)ram": "cuda 5.61G"
}
{
    "process": "gptq",
    "layer": 6,
    "module": "self_attn.q_proj",
    "feat: in, out": "2048, 2048",
    "dtype: size": "bf16: 8.3MB",
    "loss": "0.0000221513",
    "samples": "156181",
    "damp": "0.05000",
    "time": "5.777",
    "fwd_time": "1.088",
    "(v)ram": "cuda 5.61G"
}
{
    "process": "gptq",
    "layer": 6,
    "module": "self_attn.v_proj",
    "feat: in, out": "2048, 1024",
    "dtype: size": "bf16: 4.1MB",
    "loss": "0.0000111196",
    "samples": "156181",
    "damp": "0.05000",
    "time": "6.127",
    "fwd_time": "1.088",
    "(v)ram": "cuda 5.61G"
}
{
    "process": "gptq",
    "layer": 6,
    "module": "self_attn.k_proj",
    "feat: in, out": "2048, 1024",
    "dtype: size": "bf16: 4.1MB",
    "loss": "0.0000106851",
    "samples": "156181",
    "damp": "0.05000",
    "time": "6.227",
    "fwd_time": "1.088",
    "(v)ram": "cuda 5.61G"
}
{
    "process": "gptq",
    "layer": 6,
    "module": "self_attn.o_proj",
    "feat: in, out": "2048, 2048",
    "dtype: size": "bf16: 8.3MB",
    "loss": "0.0000053685",
    "samples": "156181",
    "damp": "0.05000",
    "time": "1.992",
    "fwd_time": "0.838",
    "(v)ram": "cuda 5.61G"
}
{
    "process": "gptq",
    "layer": 6,
    "module": "mlp.up_proj",
    "feat: in, out": "2048, 6144",
    "dtype: size": "bf16: 24.8MB",
    "loss": "0.0001298164",
    "samples": "156181",
    "damp": "0.05000",
    "time": "3.904",
    "fwd_time": "1.122",
    "(v)ram": "cuda 5.61G"
}
{
    "process": "gptq",
    "layer": 6,
    "module": "mlp.gate_proj",
    "feat: in, out": "2048, 6144",
    "dtype: size": "bf16: 24.8MB",
    "loss": "0.0001840915",
    "samples": "156181",
    "damp": "0.05000",
    "time": "4.051",
    "fwd_time": "1.122",
    "(v)ram": "cuda 5.61G"
}
{
    "process": "gptq",
    "layer": 6,
    "module": "mlp.down_proj",
    "feat: in, out": "6144, 2048",
    "dtype: size": "bf16: 24.8MB",
    "loss": "0.0000327709",
    "samples": "156181",
    "damp": "0.05000",
    "time": "6.926",
    "fwd_time": "1.871",
    "(v)ram": "cuda 5.61G"
}
{
    "process": "gptq",
    "layer": 7,
    "module": "self_attn.k_proj",
    "feat: in, out": "2048, 1024",
    "dtype: size": "bf16: 4.1MB",
    "loss": "0.0000205129",
    "samples": "156181",
    "damp": "0.05000",
    "time": "7.070",
    "fwd_time": "1.193",
    "(v)ram": "cuda 5.61G"
}
{
    "process": "gptq",
    "layer": 7,
    "module": "self_attn.q_proj",
    "feat: in, out": "2048, 2048",
    "dtype: size": "bf16: 8.3MB",
    "loss": "0.0000479112",
    "samples": "156181",
    "damp": "0.05000",
    "time": "7.196",
    "fwd_time": "1.193",
    "(v)ram": "cuda 5.61G"
}
{
    "process": "gptq",
    "layer": 7,
    "module": "self_attn.v_proj",
    "feat: in, out": "2048, 1024",
    "dtype: size": "bf16: 4.1MB",
    "loss": "0.0000250389",
    "samples": "156181",
    "damp": "0.05000",
    "time": "7.293",
    "fwd_time": "1.193",
    "(v)ram": "cuda 5.61G"
}
{
    "process": "gptq",
    "layer": 7,
    "module": "self_attn.o_proj",
    "feat: in, out": "2048, 2048",
    "dtype: size": "bf16: 8.3MB",
    "loss": "0.0000094963",
    "samples": "156181",
    "damp": "0.05000",
    "time": "2.238",
    "fwd_time": "0.836",
    "(v)ram": "cuda 5.61G"
}
{
    "process": "gptq",
    "layer": 7,
    "module": "mlp.gate_proj",
    "feat: in, out": "2048, 6144",
    "dtype: size": "bf16: 24.8MB",
    "loss": "0.0002473068",
    "samples": "156181",
    "damp": "0.05000",
    "time": "4.099",
    "fwd_time": "1.137",
    "(v)ram": "cuda 5.61G"
}
{
    "process": "gptq",
    "layer": 7,
    "module": "mlp.up_proj",
    "feat: in, out": "2048, 6144",
    "dtype: size": "bf16: 24.8MB",
    "loss": "0.0001645342",
    "samples": "156181",
    "damp": "0.05000",
    "time": "4.128",
    "fwd_time": "1.137",
    "(v)ram": "cuda 5.61G"
}
{
    "process": "gptq",
    "layer": 7,
    "module": "mlp.down_proj",
    "feat: in, out": "6144, 2048",
    "dtype: size": "bf16: 24.8MB",
    "loss": "0.0000357928",
    "samples": "156181",
    "damp": "0.05000",
    "time": "6.136",
    "fwd_time": "1.932",
    "(v)ram": "cuda 5.61G"
}
{
    "process": "gptq",
    "layer": 8,
    "module": "self_attn.k_proj",
    "feat: in, out": "2048, 1024",
    "dtype: size": "bf16: 4.1MB",
    "loss": "0.0000296078",
    "samples": "156181",
    "damp": "0.05000",
    "time": "5.828",
    "fwd_time": "1.109",
    "(v)ram": "cuda 5.61G"
}
{
    "process": "gptq",
    "layer": 8,
    "module": "self_attn.v_proj",
    "feat: in, out": "2048, 1024",
    "dtype: size": "bf16: 4.1MB",
    "loss": "0.0000281402",
    "samples": "156181",
    "damp": "0.05000",
    "time": "5.958",
    "fwd_time": "1.109",
    "(v)ram": "cuda 5.61G"
}
{
    "process": "gptq",
    "layer": 8,
    "module": "self_attn.q_proj",
    "feat: in, out": "2048, 2048",
    "dtype: size": "bf16: 8.3MB",
    "loss": "0.0000592062",
    "samples": "156181",
    "damp": "0.05000",
    "time": "6.205",
    "fwd_time": "1.109",
    "(v)ram": "cuda 5.61G"
}
{
    "process": "gptq",
    "layer": 8,
    "module": "self_attn.o_proj",
    "feat: in, out": "2048, 2048",
    "dtype: size": "bf16: 8.3MB",
    "loss": "0.0000075581",
    "samples": "156181",
    "damp": "0.05000",
    "time": "2.061",
    "fwd_time": "0.777",
    "(v)ram": "cuda 5.61G"
}
{
    "process": "gptq",
    "layer": 8,
    "module": "mlp.up_proj",
    "feat: in, out": "2048, 6144",
    "dtype: size": "bf16: 24.8MB",
    "loss": "0.0001642047",
    "samples": "156181",
    "damp": "0.05000",
    "time": "4.162",
    "fwd_time": "1.111",
    "(v)ram": "cuda 5.61G"
}
{
    "process": "gptq",
    "layer": 8,
    "module": "mlp.gate_proj",
    "feat: in, out": "2048, 6144",
    "dtype: size": "bf16: 24.8MB",
    "loss": "0.0002221386",
    "samples": "156181",
    "damp": "0.05000",
    "time": "4.179",
    "fwd_time": "1.111",
    "(v)ram": "cuda 5.61G"
}
{
    "process": "gptq",
    "layer": 8,
    "module": "mlp.down_proj",
    "feat: in, out": "6144, 2048",
    "dtype: size": "bf16: 24.8MB",
    "loss": "0.0000441595",
    "samples": "156181",
    "damp": "0.05000",
    "time": "6.854",
    "fwd_time": "2.052",
    "(v)ram": "cuda 5.61G"
}
{
    "process": "gptq",
    "layer": 9,
    "module": "self_attn.v_proj",
    "feat: in, out": "2048, 1024",
    "dtype: size": "bf16: 4.1MB",
    "loss": "0.0000544487",
    "samples": "156181",
    "damp": "0.05000",
    "time": "6.502",
    "fwd_time": "1.152",
    "(v)ram": "cuda 5.61G"
}
{
    "process": "gptq",
    "layer": 9,
    "module": "self_attn.k_proj",
    "feat: in, out": "2048, 1024",
    "dtype: size": "bf16: 4.1MB",
    "loss": "0.0000536811",
    "samples": "156181",
    "damp": "0.05000",
    "time": "6.882",
    "fwd_time": "1.152",
    "(v)ram": "cuda 5.61G"
}
{
    "process": "gptq",
    "layer": 9,
    "module": "self_attn.q_proj",
    "feat: in, out": "2048, 2048",
    "dtype: size": "bf16: 8.3MB",
    "loss": "0.0001169017",
    "samples": "156181",
    "damp": "0.05000",
    "time": "6.918",
    "fwd_time": "1.152",
    "(v)ram": "cuda 5.61G"
}
{
    "process": "gptq",
    "layer": 9,
    "module": "self_attn.o_proj",
    "feat: in, out": "2048, 2048",
    "dtype: size": "bf16: 8.3MB",
    "loss": "0.0000224018",
    "samples": "156181",
    "damp": "0.05000",
    "time": "2.017",
    "fwd_time": "0.784",
    "(v)ram": "cuda 5.61G"
}
{
    "process": "gptq",
    "layer": 9,
    "module": "mlp.gate_proj",
    "feat: in, out": "2048, 6144",
    "dtype: size": "bf16: 24.8MB",
    "loss": "0.0002063875",
    "samples": "156181",
    "damp": "0.05000",
    "time": "3.956",
    "fwd_time": "1.138",
    "(v)ram": "cuda 5.61G"
}
{
    "process": "gptq",
    "layer": 9,
    "module": "mlp.up_proj",
    "feat: in, out": "2048, 6144",
    "dtype: size": "bf16: 24.8MB",
    "loss": "0.0001666626",
    "samples": "156181",
    "damp": "0.05000",
    "time": "3.984",
    "fwd_time": "1.138",
    "(v)ram": "cuda 5.61G"
}
{
    "process": "gptq",
    "layer": 9,
    "module": "mlp.down_proj",
    "feat: in, out": "6144, 2048",
    "dtype: size": "bf16: 24.8MB",
    "loss": "0.0000584962",
    "samples": "156181",
    "damp": "0.05000",
    "time": "6.048",
    "fwd_time": "1.913",
    "(v)ram": "cuda 5.61G"
}
{
    "process": "gptq",
    "layer": 10,
    "module": "self_attn.v_proj",
    "feat: in, out": "2048, 1024",
    "dtype: size": "bf16: 4.1MB",
    "loss": "0.0000425133",
    "samples": "156181",
    "damp": "0.05000",
    "time": "5.553",
    "fwd_time": "1.088",
    "(v)ram": "cuda 5.61G"
}
{
    "process": "gptq",
    "layer": 10,
    "module": "self_attn.q_proj",
    "feat: in, out": "2048, 2048",
    "dtype: size": "bf16: 8.3MB",
    "loss": "0.0000872175",
    "samples": "156181",
    "damp": "0.05000",
    "time": "5.836",
    "fwd_time": "1.088",
    "(v)ram": "cuda 5.61G"
}
{
    "process": "gptq",
    "layer": 10,
    "module": "self_attn.k_proj",
    "feat: in, out": "2048, 1024",
    "dtype: size": "bf16: 4.1MB",
    "loss": "0.0000393691",
    "samples": "156181",
    "damp": "0.05000",
    "time": "6.135",
    "fwd_time": "1.088",
    "(v)ram": "cuda 5.61G"
}
{
    "process": "gptq",
    "layer": 10,
    "module": "self_attn.o_proj",
    "feat: in, out": "2048, 2048",
    "dtype: size": "bf16: 8.3MB",
    "loss": "0.0000238233",
    "samples": "156181",
    "damp": "0.05000",
    "time": "2.037",
    "fwd_time": "0.823",
    "(v)ram": "cuda 5.61G"
}
{
    "process": "gptq",
    "layer": 10,
    "module": "mlp.gate_proj",
    "feat: in, out": "2048, 6144",
    "dtype: size": "bf16: 24.8MB",
    "loss": "0.0002100366",
    "samples": "156181",
    "damp": "0.05000",
    "time": "4.340",
    "fwd_time": "1.087",
    "(v)ram": "cuda 5.61G"
}
{
    "process": "gptq",
    "layer": 10,
    "module": "mlp.up_proj",
    "feat: in, out": "2048, 6144",
    "dtype: size": "bf16: 24.8MB",
    "loss": "0.0001744711",
    "samples": "156181",
    "damp": "0.05000",
    "time": "4.345",
    "fwd_time": "1.087",
    "(v)ram": "cuda 5.61G"
}
{
    "process": "gptq",
    "layer": 10,
    "module": "mlp.down_proj",
    "feat: in, out": "6144, 2048",
    "dtype: size": "bf16: 24.8MB",
    "loss": "0.0000971999",
    "samples": "156181",
    "damp": "0.05000",
    "time": "6.854",
    "fwd_time": "2.040",
    "(v)ram": "cuda 5.61G"
}
{
    "process": "gptq",
    "layer": 11,
    "module": "self_attn.q_proj",
    "feat: in, out": "2048, 2048",
    "dtype: size": "bf16: 8.3MB",
    "loss": "0.0002039033",
    "samples": "156181",
    "damp": "0.05000",
    "time": "6.527",
    "fwd_time": "1.167",
    "(v)ram": "cuda 5.61G"
}
{
    "process": "gptq",
    "layer": 11,
    "module": "self_attn.k_proj",
    "feat: in, out": "2048, 1024",
    "dtype: size": "bf16: 4.1MB",
    "loss": "0.0000910409",
    "samples": "156181",
    "damp": "0.05000",
    "time": "6.649",
    "fwd_time": "1.167",
    "(v)ram": "cuda 5.61G"
}
{
    "process": "gptq",
    "layer": 11,
    "module": "self_attn.v_proj",
    "feat: in, out": "2048, 1024",
    "dtype: size": "bf16: 4.1MB",
    "loss": "0.0000858348",
    "samples": "156181",
    "damp": "0.05000",
    "time": "6.725",
    "fwd_time": "1.167",
    "(v)ram": "cuda 5.61G"
}
{
    "process": "gptq",
    "layer": 11,
    "module": "self_attn.o_proj",
    "feat: in, out": "2048, 2048",
    "dtype: size": "bf16: 8.3MB",
    "loss": "0.0000593969",
    "samples": "156181",
    "damp": "0.05000",
    "time": "2.086",
    "fwd_time": "0.727",
    "(v)ram": "cuda 5.61G"
}
{
    "process": "gptq",
    "layer": 11,
    "module": "mlp.gate_proj",
    "feat: in, out": "2048, 6144",
    "dtype: size": "bf16: 24.8MB",
    "loss": "0.0001726701",
    "samples": "156181",
    "damp": "0.05000",
    "time": "4.310",
    "fwd_time": "1.063",
    "(v)ram": "cuda 5.61G"
}
{
    "process": "gptq",
    "layer": 11,
    "module": "mlp.up_proj",
    "feat: in, out": "2048, 6144",
    "dtype: size": "bf16: 24.8MB",
    "loss": "0.0001633081",
    "samples": "156181",
    "damp": "0.05000",
    "time": "4.359",
    "fwd_time": "1.063",
    "(v)ram": "cuda 5.61G"
}
{
    "process": "gptq",
    "layer": 11,
    "module": "mlp.down_proj",
    "feat: in, out": "6144, 2048",
    "dtype: size": "bf16: 24.8MB",
    "loss": "0.0001030626",
    "samples": "156181",
    "damp": "0.05000",
    "time": "6.111",
    "fwd_time": "1.892",
    "(v)ram": "cuda 5.61G"
}
{
    "process": "gptq",
    "layer": 12,
    "module": "self_attn.v_proj",
    "feat: in, out": "2048, 1024",
    "dtype: size": "bf16: 4.1MB",
    "loss": "0.0000788802",
    "samples": "156181",
    "damp": "0.05000",
    "time": "6.280",
    "fwd_time": "1.021",
    "(v)ram": "cuda 5.61G"
}
{
    "process": "gptq",
    "layer": 12,
    "module": "self_attn.k_proj",
    "feat: in, out": "2048, 1024",
    "dtype: size": "bf16: 4.1MB",
    "loss": "0.0000771163",
    "samples": "156181",
    "damp": "0.05000",
    "time": "6.486",
    "fwd_time": "1.021",
    "(v)ram": "cuda 5.61G"
}
{
    "process": "gptq",
    "layer": 12,
    "module": "self_attn.q_proj",
    "feat: in, out": "2048, 2048",
    "dtype: size": "bf16: 8.3MB",
    "loss": "0.0001693598",
    "samples": "156181",
    "damp": "0.05000",
    "time": "6.540",
    "fwd_time": "1.021",
    "(v)ram": "cuda 5.61G"
}
{
    "process": "gptq",
    "layer": 12,
    "module": "self_attn.o_proj",
    "feat: in, out": "2048, 2048",
    "dtype: size": "bf16: 8.3MB",
    "loss": "0.0000367690",
    "samples": "156181",
    "damp": "0.05000",
    "time": "2.197",
    "fwd_time": "0.683",
    "(v)ram": "cuda 5.61G"
}
{
    "process": "gptq",
    "layer": 12,
    "module": "mlp.gate_proj",
    "feat: in, out": "2048, 6144",
    "dtype: size": "bf16: 24.8MB",
    "loss": "0.0001697719",
    "samples": "156181",
    "damp": "0.05000",
    "time": "4.519",
    "fwd_time": "1.096",
    "(v)ram": "cuda 5.61G"
}
{
    "process": "gptq",
    "layer": 12,
    "module": "mlp.up_proj",
    "feat: in, out": "2048, 6144",
    "dtype: size": "bf16: 24.8MB",
    "loss": "0.0001721347",
    "samples": "156181",
    "damp": "0.05000",
    "time": "4.546",
    "fwd_time": "1.096",
    "(v)ram": "cuda 5.61G"
}
{
    "process": "gptq",
    "layer": 12,
    "module": "mlp.down_proj",
    "feat: in, out": "6144, 2048",
    "dtype: size": "bf16: 24.8MB",
    "loss": "0.0001243096",
    "samples": "156181",
    "damp": "0.05000",
    "time": "6.900",
    "fwd_time": "2.009",
    "(v)ram": "cuda 5.61G"
}
{
    "process": "gptq",
    "layer": 13,
    "module": "self_attn.q_proj",
    "feat: in, out": "2048, 2048",
    "dtype: size": "bf16: 8.3MB",
    "loss": "0.0002477938",
    "samples": "156181",
    "damp": "0.05000",
    "time": "5.596",
    "fwd_time": "1.083",
    "(v)ram": "cuda 5.61G"
}
{
    "process": "gptq",
    "layer": 13,
    "module": "self_attn.k_proj",
    "feat: in, out": "2048, 1024",
    "dtype: size": "bf16: 4.1MB",
    "loss": "0.0000997318",
    "samples": "156181",
    "damp": "0.05000",
    "time": "6.515",
    "fwd_time": "1.083",
    "(v)ram": "cuda 5.61G"
}
{
    "process": "gptq",
    "layer": 13,
    "module": "self_attn.v_proj",
    "feat: in, out": "2048, 1024",
    "dtype: size": "bf16: 4.1MB",
    "loss": "0.0001088423",
    "samples": "156181",
    "damp": "0.05000",
    "time": "6.514",
    "fwd_time": "1.083",
    "(v)ram": "cuda 5.61G"
}
{
    "process": "gptq",
    "layer": 13,
    "module": "self_attn.o_proj",
    "feat: in, out": "2048, 2048",
    "dtype: size": "bf16: 8.3MB",
    "loss": "0.0000558999",
    "samples": "156181",
    "damp": "0.05000",
    "time": "2.163",
    "fwd_time": "0.745",
    "(v)ram": "cuda 5.61G"
}
{
    "process": "gptq",
    "layer": 13,
    "module": "mlp.up_proj",
    "feat: in, out": "2048, 6144",
    "dtype: size": "bf16: 24.8MB",
    "loss": "0.0001902074",
    "samples": "156181",
    "damp": "0.05000",
    "time": "3.841",
    "fwd_time": "1.079",
    "(v)ram": "cuda 5.61G"
}
{
    "process": "gptq",
    "layer": 13,
    "module": "mlp.gate_proj",
    "feat: in, out": "2048, 6144",
    "dtype: size": "bf16: 24.8MB",
    "loss": "0.0001897833",
    "samples": "156181",
    "damp": "0.05000",
    "time": "3.886",
    "fwd_time": "1.079",
    "(v)ram": "cuda 5.61G"
}
{
    "process": "gptq",
    "layer": 13,
    "module": "mlp.down_proj",
    "feat: in, out": "6144, 2048",
    "dtype: size": "bf16: 24.8MB",
    "loss": "0.0001559072",
    "samples": "156181",
    "damp": "0.05000",
    "time": "6.281",
    "fwd_time": "1.831",
    "(v)ram": "cuda 5.61G"
}
{
    "process": "gptq",
    "layer": 14,
    "module": "self_attn.v_proj",
    "feat: in, out": "2048, 1024",
    "dtype: size": "bf16: 4.1MB",
    "loss": "0.0001802852",
    "samples": "156181",
    "damp": "0.05000",
    "time": "5.663",
    "fwd_time": "1.097",
    "(v)ram": "cuda 5.61G"
}
{
    "process": "gptq",
    "layer": 14,
    "module": "self_attn.q_proj",
    "feat: in, out": "2048, 2048",
    "dtype: size": "bf16: 8.3MB",
    "loss": "0.0004088016",
    "samples": "156181",
    "damp": "0.05000",
    "time": "6.141",
    "fwd_time": "1.097",
    "(v)ram": "cuda 5.61G"
}
{
    "process": "gptq",
    "layer": 14,
    "module": "self_attn.k_proj",
    "feat: in, out": "2048, 1024",
    "dtype: size": "bf16: 4.1MB",
    "loss": "0.0001768770",
    "samples": "156181",
    "damp": "0.05000",
    "time": "6.145",
    "fwd_time": "1.097",
    "(v)ram": "cuda 5.61G"
}
{
    "process": "gptq",
    "layer": 14,
    "module": "self_attn.o_proj",
    "feat: in, out": "2048, 2048",
    "dtype: size": "bf16: 8.3MB",
    "loss": "0.0000614226",
    "samples": "156181",
    "damp": "0.05000",
    "time": "2.194",
    "fwd_time": "0.805",
    "(v)ram": "cuda 5.61G"
}
{
    "process": "gptq",
    "layer": 14,
    "module": "mlp.gate_proj",
    "feat: in, out": "2048, 6144",
    "dtype: size": "bf16: 24.8MB",
    "loss": "0.0002112218",
    "samples": "156181",
    "damp": "0.05000",
    "time": "4.583",
    "fwd_time": "1.146",
    "(v)ram": "cuda 5.61G"
}
{
    "process": "gptq",
    "layer": 14,
    "module": "mlp.up_proj",
    "feat: in, out": "2048, 6144",
    "dtype: size": "bf16: 24.8MB",
    "loss": "0.0002163784",
    "samples": "156181",
    "damp": "0.05000",
    "time": "4.584",
    "fwd_time": "1.146",
    "(v)ram": "cuda 5.61G"
}
{
    "process": "gptq",
    "layer": 14,
    "module": "mlp.down_proj",
    "feat: in, out": "6144, 2048",
    "dtype: size": "bf16: 24.8MB",
    "loss": "0.0002138929",
    "samples": "156181",
    "damp": "0.05000",
    "time": "6.981",
    "fwd_time": "2.046",
    "(v)ram": "cuda 5.61G"
}
{
    "process": "gptq",
    "layer": 15,
    "module": "self_attn.k_proj",
    "feat: in, out": "2048, 1024",
    "dtype: size": "bf16: 4.1MB",
    "loss": "0.0003125083",
    "samples": "156181",
    "damp": "0.05000",
    "time": "6.319",
    "fwd_time": "0.994",
    "(v)ram": "cuda 5.61G"
}
{
    "process": "gptq",
    "layer": 15,
    "module": "self_attn.v_proj",
    "feat: in, out": "2048, 1024",
    "dtype: size": "bf16: 4.1MB",
    "loss": "0.0004193558",
    "samples": "156181",
    "damp": "0.05000",
    "time": "6.529",
    "fwd_time": "0.994",
    "(v)ram": "cuda 5.61G"
}
{
    "process": "gptq",
    "layer": 15,
    "module": "self_attn.q_proj",
    "feat: in, out": "2048, 2048",
    "dtype: size": "bf16: 8.3MB",
    "loss": "0.0008977216",
    "samples": "156181",
    "damp": "0.05000",
    "time": "6.614",
    "fwd_time": "0.994",
    "(v)ram": "cuda 5.61G"
}
{
    "process": "gptq",
    "layer": 15,
    "module": "self_attn.o_proj",
    "feat: in, out": "2048, 2048",
    "dtype: size": "bf16: 8.3MB",
    "loss": "0.0001133938",
    "samples": "156181",
    "damp": "0.05000",
    "time": "1.994",
    "fwd_time": "0.737",
    "(v)ram": "cuda 5.61G"
}
{
    "process": "gptq",
    "layer": 15,
    "module": "mlp.gate_proj",
    "feat: in, out": "2048, 6144",
    "dtype: size": "bf16: 24.8MB",
    "loss": "0.0002502779",
    "samples": "156181",
    "damp": "0.05000",
    "time": "3.838",
    "fwd_time": "1.019",
    "(v)ram": "cuda 5.61G"
}
{
    "process": "gptq",
    "layer": 15,
    "module": "mlp.up_proj",
    "feat: in, out": "2048, 6144",
    "dtype: size": "bf16: 24.8MB",
    "loss": "0.0002603737",
    "samples": "156181",
    "damp": "0.05000",
    "time": "3.993",
    "fwd_time": "1.019",
    "(v)ram": "cuda 5.61G"
}
{
    "process": "gptq",
    "layer": 15,
    "module": "mlp.down_proj",
    "feat: in, out": "6144, 2048",
    "dtype: size": "bf16: 24.8MB",
    "loss": "0.0003198176",
    "samples": "156181",
    "damp": "0.05000",
    "time": "6.147",
    "fwd_time": "1.791",
    "(v)ram": "cuda 5.61G"
}
{
    "process": "gptq",
    "layer": 16,
    "module": "self_attn.q_proj",
    "feat: in, out": "2048, 2048",
    "dtype: size": "bf16: 8.3MB",
    "loss": "0.0012450917",
    "samples": "156181",
    "damp": "0.05000",
    "time": "6.761",
    "fwd_time": "1.031",
    "(v)ram": "cuda 5.61G"
}
{
    "process": "gptq",
    "layer": 16,
    "module": "self_attn.v_proj",
    "feat: in, out": "2048, 1024",
    "dtype: size": "bf16: 4.1MB",
    "loss": "0.0004773870",
    "samples": "156181",
    "damp": "0.05000",
    "time": "7.148",
    "fwd_time": "1.031",
    "(v)ram": "cuda 5.61G"
}
{
    "process": "gptq",
    "layer": 16,
    "module": "self_attn.k_proj",
    "feat: in, out": "2048, 1024",
    "dtype: size": "bf16: 4.1MB",
    "loss": "0.0004596138",
    "samples": "156181",
    "damp": "0.05000",
    "time": "7.262",
    "fwd_time": "1.031",
    "(v)ram": "cuda 5.61G"
}
{
    "process": "gptq",
    "layer": 16,
    "module": "self_attn.o_proj",
    "feat: in, out": "2048, 2048",
    "dtype: size": "bf16: 8.3MB",
    "loss": "0.0001424682",
    "samples": "156181",
    "damp": "0.05000",
    "time": "2.276",
    "fwd_time": "0.803",
    "(v)ram": "cuda 5.61G"
}
{
    "process": "gptq",
    "layer": 16,
    "module": "mlp.up_proj",
    "feat: in, out": "2048, 6144",
    "dtype: size": "bf16: 24.8MB",
    "loss": "0.0003337023",
    "samples": "156181",
    "damp": "0.05000",
    "time": "4.506",
    "fwd_time": "1.166",
    "(v)ram": "cuda 5.61G"
}
{
    "process": "gptq",
    "layer": 16,
    "module": "mlp.gate_proj",
    "feat: in, out": "2048, 6144",
    "dtype: size": "bf16: 24.8MB",
    "loss": "0.0002898424",
    "samples": "156181",
    "damp": "0.05000",
    "time": "4.551",
    "fwd_time": "1.166",
    "(v)ram": "cuda 5.61G"
}
{
    "process": "gptq",
    "layer": 16,
    "module": "mlp.down_proj",
    "feat: in, out": "6144, 2048",
    "dtype: size": "bf16: 24.8MB",
    "loss": "0.0009343935",
    "samples": "156181",
    "damp": "0.05000",
    "time": "6.189",
    "fwd_time": "2.052",
    "(v)ram": "cuda 5.61G"
}
{
    "process": "gptq",
    "layer": 17,
    "module": "self_attn.k_proj",
    "feat: in, out": "2048, 1024",
    "dtype: size": "bf16: 4.1MB",
    "loss": "0.0012189769",
    "samples": "156181",
    "damp": "0.05000",
    "time": "6.114",
    "fwd_time": "1.123",
    "(v)ram": "cuda 5.61G"
}
{
    "process": "gptq",
    "layer": 17,
    "module": "self_attn.v_proj",
    "feat: in, out": "2048, 1024",
    "dtype: size": "bf16: 4.1MB",
    "loss": "0.0015092778",
    "samples": "156181",
    "damp": "0.05000",
    "time": "6.313",
    "fwd_time": "1.123",
    "(v)ram": "cuda 5.61G"
}
{
    "process": "gptq",
    "layer": 17,
    "module": "self_attn.q_proj",
    "feat: in, out": "2048, 2048",
    "dtype: size": "bf16: 8.3MB",
    "loss": "0.0033405533",
    "samples": "156181",
    "damp": "0.05000",
    "time": "6.520",
    "fwd_time": "1.123",
    "(v)ram": "cuda 5.61G"
}
{
    "process": "gptq",
    "layer": 17,
    "module": "self_attn.o_proj",
    "feat: in, out": "2048, 2048",
    "dtype: size": "bf16: 8.3MB",
    "loss": "0.0003921270",
    "samples": "156181",
    "damp": "0.05000",
    "time": "2.089",
    "fwd_time": "0.790",
    "(v)ram": "cuda 5.61G"
}
{
    "process": "gptq",
    "layer": 17,
    "module": "mlp.gate_proj",
    "feat: in, out": "2048, 6144",
    "dtype: size": "bf16: 24.8MB",
    "loss": "0.0004326094",
    "samples": "156181",
    "damp": "0.05000",
    "time": "4.148",
    "fwd_time": "1.009",
    "(v)ram": "cuda 5.61G"
}
{
    "process": "gptq",
    "layer": 17,
    "module": "mlp.up_proj",
    "feat: in, out": "2048, 6144",
    "dtype: size": "bf16: 24.8MB",
    "loss": "0.0004952029",
    "samples": "156181",
    "damp": "0.05000",
    "time": "4.200",
    "fwd_time": "1.009",
    "(v)ram": "cuda 5.61G"
}
{
    "process": "gptq",
    "layer": 17,
    "module": "mlp.down_proj",
    "feat: in, out": "6144, 2048",
    "dtype: size": "bf16: 24.8MB",
    "loss": "0.0011447874",
    "samples": "156181",
    "damp": "0.05000",
    "time": "6.939",
    "fwd_time": "1.955",
    "(v)ram": "cuda 5.61G"
}
{
    "process": "gptq",
    "layer": 18,
    "module": "self_attn.v_proj",
    "feat: in, out": "2048, 1024",
    "dtype: size": "bf16: 4.1MB",
    "loss": "0.0016928595",
    "samples": "156181",
    "damp": "0.05000",
    "time": "6.526",
    "fwd_time": "1.107",
    "(v)ram": "cuda 5.61G"
}
{
    "process": "gptq",
    "layer": 18,
    "module": "self_attn.k_proj",
    "feat: in, out": "2048, 1024",
    "dtype: size": "bf16: 4.1MB",
    "loss": "0.0014522125",
    "samples": "156181",
    "damp": "0.05000",
    "time": "6.939",
    "fwd_time": "1.107",
    "(v)ram": "cuda 5.61G"
}
{
    "process": "gptq",
    "layer": 18,
    "module": "self_attn.q_proj",
    "feat: in, out": "2048, 2048",
    "dtype: size": "bf16: 8.3MB",
    "loss": "0.0042375189",
    "samples": "156181",
    "damp": "0.05000",
    "time": "7.094",
    "fwd_time": "1.107",
    "(v)ram": "cuda 5.61G"
}
{
    "process": "gptq",
    "layer": 18,
    "module": "self_attn.o_proj",
    "feat: in, out": "2048, 2048",
    "dtype: size": "bf16: 8.3MB",
    "loss": "0.0002981117",
    "samples": "156181",
    "damp": "0.05000",
    "time": "1.967",
    "fwd_time": "0.658",
    "(v)ram": "cuda 5.61G"
}
{
    "process": "gptq",
    "layer": 18,
    "module": "mlp.gate_proj",
    "feat: in, out": "2048, 6144",
    "dtype: size": "bf16: 24.8MB",
    "loss": "0.0005875742",
    "samples": "156181",
    "damp": "0.05000",
    "time": "4.068",
    "fwd_time": "1.044",
    "(v)ram": "cuda 5.61G"
}
{
    "process": "gptq",
    "layer": 18,
    "module": "mlp.up_proj",
    "feat: in, out": "2048, 6144",
    "dtype: size": "bf16: 24.8MB",
    "loss": "0.0006634347",
    "samples": "156181",
    "damp": "0.05000",
    "time": "4.073",
    "fwd_time": "1.044",
    "(v)ram": "cuda 5.61G"
}
{
    "process": "gptq",
    "layer": 18,
    "module": "mlp.down_proj",
    "feat: in, out": "6144, 2048",
    "dtype: size": "bf16: 24.8MB",
    "loss": "0.0019287666",
    "samples": "156181",
    "damp": "0.05000",
    "time": "6.771",
    "fwd_time": "1.831",
    "(v)ram": "cuda 5.61G"
}
{
    "process": "gptq",
    "layer": 19,
    "module": "self_attn.v_proj",
    "feat: in, out": "2048, 1024",
    "dtype: size": "bf16: 4.1MB",
    "loss": "0.0033021930",
    "samples": "156181",
    "damp": "0.05000",
    "time": "6.455",
    "fwd_time": "1.117",
    "(v)ram": "cuda 5.61G"
}
{
    "process": "gptq",
    "layer": 19,
    "module": "self_attn.k_proj",
    "feat: in, out": "2048, 1024",
    "dtype: size": "bf16: 4.1MB",
    "loss": "0.0025216346",
    "samples": "156181",
    "damp": "0.05000",
    "time": "6.884",
    "fwd_time": "1.117",
    "(v)ram": "cuda 5.61G"
}
{
    "process": "gptq",
    "layer": 19,
    "module": "self_attn.q_proj",
    "feat: in, out": "2048, 2048",
    "dtype: size": "bf16: 8.3MB",
    "loss": "0.0076740943",
    "samples": "156181",
    "damp": "0.05000",
    "time": "6.919",
    "fwd_time": "1.117",
    "(v)ram": "cuda 5.61G"
}
{
    "process": "gptq",
    "layer": 19,
    "module": "self_attn.o_proj",
    "feat: in, out": "2048, 2048",
    "dtype: size": "bf16: 8.3MB",
    "loss": "0.0006019473",
    "samples": "156181",
    "damp": "0.05000",
    "time": "2.297",
    "fwd_time": "0.707",
    "(v)ram": "cuda 5.61G"
}
{
    "process": "gptq",
    "layer": 19,
    "module": "mlp.gate_proj",
    "feat: in, out": "2048, 6144",
    "dtype: size": "bf16: 24.8MB",
    "loss": "0.0008475571",
    "samples": "156181",
    "damp": "0.05000",
    "time": "4.764",
    "fwd_time": "1.103",
    "(v)ram": "cuda 5.61G"
}
{
    "process": "gptq",
    "layer": 19,
    "module": "mlp.up_proj",
    "feat: in, out": "2048, 6144",
    "dtype: size": "bf16: 24.8MB",
    "loss": "0.0009714739",
    "samples": "156181",
    "damp": "0.05000",
    "time": "4.765",
    "fwd_time": "1.103",
    "(v)ram": "cuda 5.61G"
}
{
    "process": "gptq",
    "layer": 19,
    "module": "mlp.down_proj",
    "feat: in, out": "6144, 2048",
    "dtype: size": "bf16: 24.8MB",
    "loss": "0.0044914936",
    "samples": "156181",
    "damp": "0.05000",
    "time": "6.908",
    "fwd_time": "2.010",
    "(v)ram": "cuda 5.61G"
}
{
    "process": "gptq",
    "layer": 20,
    "module": "self_attn.q_proj",
    "feat: in, out": "2048, 2048",
    "dtype: size": "bf16: 8.3MB",
    "loss": "0.0133172028",
    "samples": "156181",
    "damp": "0.05000",
    "time": "6.603",
    "fwd_time": "1.195",
    "(v)ram": "cuda 5.61G"
}
{
    "process": "gptq",
    "layer": 20,
    "module": "self_attn.v_proj",
    "feat: in, out": "2048, 1024",
    "dtype: size": "bf16: 4.1MB",
    "loss": "0.0058980765",
    "samples": "156181",
    "damp": "0.05000",
    "time": "6.688",
    "fwd_time": "1.195",
    "(v)ram": "cuda 5.61G"
}
{
    "process": "gptq",
    "layer": 20,
    "module": "self_attn.k_proj",
    "feat: in, out": "2048, 1024",
    "dtype: size": "bf16: 4.1MB",
    "loss": "0.0046598574",
    "samples": "156181",
    "damp": "0.05000",
    "time": "6.825",
    "fwd_time": "1.195",
    "(v)ram": "cuda 5.61G"
}
{
    "process": "gptq",
    "layer": 20,
    "module": "self_attn.o_proj",
    "feat: in, out": "2048, 2048",
    "dtype: size": "bf16: 8.3MB",
    "loss": "0.0008134722",
    "samples": "156181",
    "damp": "0.05000",
    "time": "2.257",
    "fwd_time": "0.828",
    "(v)ram": "cuda 5.61G"
}
{
    "process": "gptq",
    "layer": 20,
    "module": "mlp.gate_proj",
    "feat: in, out": "2048, 6144",
    "dtype: size": "bf16: 24.8MB",
    "loss": "0.0011317425",
    "samples": "156181",
    "damp": "0.05000",
    "time": "4.188",
    "fwd_time": "1.106",
    "(v)ram": "cuda 5.61G"
}
{
    "process": "gptq",
    "layer": 20,
    "module": "mlp.up_proj",
    "feat: in, out": "2048, 6144",
    "dtype: size": "bf16: 24.8MB",
    "loss": "0.0012753919",
    "samples": "156181",
    "damp": "0.05000",
    "time": "4.195",
    "fwd_time": "1.106",
    "(v)ram": "cuda 5.61G"
}
{
    "process": "gptq",
    "layer": 20,
    "module": "mlp.down_proj",
    "feat: in, out": "6144, 2048",
    "dtype: size": "bf16: 24.8MB",
    "loss": "0.0064946337",
    "samples": "156181",
    "damp": "0.05000",
    "time": "6.199",
    "fwd_time": "1.913",
    "(v)ram": "cuda 5.61G"
}
{
    "process": "gptq",
    "layer": 21,
    "module": "self_attn.k_proj",
    "feat: in, out": "2048, 1024",
    "dtype: size": "bf16: 4.1MB",
    "loss": "0.0070755230",
    "samples": "156181",
    "damp": "0.05000",
    "time": "6.153",
    "fwd_time": "1.092",
    "(v)ram": "cuda 5.61G"
}
{
    "process": "gptq",
    "layer": 21,
    "module": "self_attn.q_proj",
    "feat: in, out": "2048, 2048",
    "dtype: size": "bf16: 8.3MB",
    "loss": "0.0192904280",
    "samples": "156181",
    "damp": "0.05000",
    "time": "6.437",
    "fwd_time": "1.092",
    "(v)ram": "cuda 5.61G"
}
{
    "process": "gptq",
    "layer": 21,
    "module": "self_attn.v_proj",
    "feat: in, out": "2048, 1024",
    "dtype: size": "bf16: 4.1MB",
    "loss": "0.0095481540",
    "samples": "156181",
    "damp": "0.05000",
    "time": "6.455",
    "fwd_time": "1.092",
    "(v)ram": "cuda 5.61G"
}
{
    "process": "gptq",
    "layer": 21,
    "module": "self_attn.o_proj",
    "feat: in, out": "2048, 2048",
    "dtype: size": "bf16: 8.3MB",
    "loss": "0.0012026826",
    "samples": "156181",
    "damp": "0.05000",
    "time": "2.038",
    "fwd_time": "0.809",
    "(v)ram": "cuda 5.61G"
}
{
    "process": "gptq",
    "layer": 21,
    "module": "mlp.gate_proj",
    "feat: in, out": "2048, 6144",
    "dtype: size": "bf16: 24.8MB",
    "loss": "0.0013592153",
    "samples": "156181",
    "damp": "0.05000",
    "time": "4.376",
    "fwd_time": "1.060",
    "(v)ram": "cuda 5.61G"
}
{
    "process": "gptq",
    "layer": 21,
    "module": "mlp.up_proj",
    "feat: in, out": "2048, 6144",
    "dtype: size": "bf16: 24.8MB",
    "loss": "0.0015684599",
    "samples": "156181",
    "damp": "0.05000",
    "time": "4.407",
    "fwd_time": "1.060",
    "(v)ram": "cuda 5.61G"
}
{
    "process": "gptq",
    "layer": 21,
    "module": "mlp.down_proj",
    "feat: in, out": "6144, 2048",
    "dtype: size": "bf16: 24.8MB",
    "loss": "0.0095142015",
    "samples": "156181",
    "damp": "0.05000",
    "time": "6.931",
    "fwd_time": "1.907",
    "(v)ram": "cuda 5.61G"
}
{
    "process": "gptq",
    "layer": 22,
    "module": "self_attn.k_proj",
    "feat: in, out": "2048, 1024",
    "dtype: size": "bf16: 4.1MB",
    "loss": "0.0098392302",
    "samples": "156181",
    "damp": "0.05000",
    "time": "6.206",
    "fwd_time": "1.106",
    "(v)ram": "cuda 5.61G"
}
{
    "process": "gptq",
    "layer": 22,
    "module": "self_attn.v_proj",
    "feat: in, out": "2048, 1024",
    "dtype: size": "bf16: 4.1MB",
    "loss": "0.0131068732",
    "samples": "156181",
    "damp": "0.05000",
    "time": "6.712",
    "fwd_time": "1.106",
    "(v)ram": "cuda 5.61G"
}
{
    "process": "gptq",
    "layer": 22,
    "module": "self_attn.q_proj",
    "feat: in, out": "2048, 2048",
    "dtype: size": "bf16: 8.3MB",
    "loss": "0.0266863597",
    "samples": "156181",
    "damp": "0.05000",
    "time": "6.853",
    "fwd_time": "1.106",
    "(v)ram": "cuda 5.61G"
}
{
    "process": "gptq",
    "layer": 22,
    "module": "self_attn.o_proj",
    "feat: in, out": "2048, 2048",
    "dtype: size": "bf16: 8.3MB",
    "loss": "0.0014793584",
    "samples": "156181",
    "damp": "0.05000",
    "time": "2.284",
    "fwd_time": "0.804",
    "(v)ram": "cuda 5.61G"
}
{
    "process": "gptq",
    "layer": 22,
    "module": "mlp.gate_proj",
    "feat: in, out": "2048, 6144",
    "dtype: size": "bf16: 24.8MB",
    "loss": "0.0015771000",
    "samples": "156181",
    "damp": "0.05000",
    "time": "4.323",
    "fwd_time": "1.175",
    "(v)ram": "cuda 5.61G"
}
{
    "process": "gptq",
    "layer": 22,
    "module": "mlp.up_proj",
    "feat: in, out": "2048, 6144",
    "dtype: size": "bf16: 24.8MB",
    "loss": "0.0018021196",
    "samples": "156181",
    "damp": "0.05000",
    "time": "4.360",
    "fwd_time": "1.175",
    "(v)ram": "cuda 5.61G"
}
{
    "process": "gptq",
    "layer": 22,
    "module": "mlp.down_proj",
    "feat: in, out": "6144, 2048",
    "dtype: size": "bf16: 24.8MB",
    "loss": "0.0110772761",
    "samples": "156181",
    "damp": "0.05000",
    "time": "6.571",
    "fwd_time": "1.888",
    "(v)ram": "cuda 5.61G"
}
{
    "process": "gptq",
    "layer": 23,
    "module": "self_attn.q_proj",
    "feat: in, out": "2048, 2048",
    "dtype: size": "bf16: 8.3MB",
    "loss": "0.0281920058",
    "samples": "156181",
    "damp": "0.05000",
    "time": "5.797",
    "fwd_time": "1.059",
    "(v)ram": "cuda 5.61G"
}
{
    "process": "gptq",
    "layer": 23,
    "module": "self_attn.k_proj",
    "feat: in, out": "2048, 1024",
    "dtype: size": "bf16: 4.1MB",
    "loss": "0.0121514465",
    "samples": "156181",
    "damp": "0.05000",
    "time": "5.825",
    "fwd_time": "1.059",
    "(v)ram": "cuda 5.61G"
}
{
    "process": "gptq",
    "layer": 23,
    "module": "self_attn.v_proj",
    "feat: in, out": "2048, 1024",
    "dtype: size": "bf16: 4.1MB",
    "loss": "0.0150270047",
    "samples": "156181",
    "damp": "0.05000",
    "time": "6.055",
    "fwd_time": "1.059",
    "(v)ram": "cuda 5.61G"
}
{
    "process": "gptq",
    "layer": 23,
    "module": "self_attn.o_proj",
    "feat: in, out": "2048, 2048",
    "dtype: size": "bf16: 8.3MB",
    "loss": "0.0012860953",
    "samples": "156181",
    "damp": "0.05000",
    "time": "2.250",
    "fwd_time": "0.697",
    "(v)ram": "cuda 5.61G"
}
{
    "process": "gptq",
    "layer": 23,
    "module": "mlp.up_proj",
    "feat: in, out": "2048, 6144",
    "dtype: size": "bf16: 24.8MB",
    "loss": "0.0021181500",
    "samples": "156181",
    "damp": "0.05000",
    "time": "4.385",
    "fwd_time": "1.073",
    "(v)ram": "cuda 5.61G"
}
{
    "process": "gptq",
    "layer": 23,
    "module": "mlp.gate_proj",
    "feat: in, out": "2048, 6144",
    "dtype: size": "bf16: 24.8MB",
    "loss": "0.0018620340",
    "samples": "156181",
    "damp": "0.05000",
    "time": "4.464",
    "fwd_time": "1.073",
    "(v)ram": "cuda 5.61G"
}
{
    "process": "gptq",
    "layer": 23,
    "module": "mlp.down_proj",
    "feat: in, out": "6144, 2048",
    "dtype: size": "bf16: 24.8MB",
    "loss": "0.0126314077",
    "samples": "156181",
    "damp": "0.05000",
    "time": "6.624",
    "fwd_time": "1.974",
    "(v)ram": "cuda 5.75G"
}
{
    "process": "gptq",
    "layer": 24,
    "module": "self_attn.k_proj",
    "feat: in, out": "2048, 1024",
    "dtype: size": "bf16: 4.1MB",
    "loss": "0.0209034622",
    "samples": "156181",
    "damp": "0.05000",
    "time": "6.350",
    "fwd_time": "1.103",
    "(v)ram": "cuda 5.75G"
}
{
    "process": "gptq",
    "layer": 24,
    "module": "self_attn.q_proj",
    "feat: in, out": "2048, 2048",
    "dtype: size": "bf16: 8.3MB",
    "loss": "0.0546560861",
    "samples": "156181",
    "damp": "0.05000",
    "time": "6.500",
    "fwd_time": "1.103",
    "(v)ram": "cuda 5.75G"
}
{
    "process": "gptq",
    "layer": 24,
    "module": "self_attn.v_proj",
    "feat: in, out": "2048, 1024",
    "dtype: size": "bf16: 4.1MB",
    "loss": "0.0244680066",
    "samples": "156181",
    "damp": "0.05000",
    "time": "6.883",
    "fwd_time": "1.103",
    "(v)ram": "cuda 5.75G"
}
{
    "process": "gptq",
    "layer": 24,
    "module": "self_attn.o_proj",
    "feat: in, out": "2048, 2048",
    "dtype: size": "bf16: 8.3MB",
    "loss": "0.0017841121",
    "samples": "156181",
    "damp": "0.05000",
    "time": "2.258",
    "fwd_time": "0.736",
    "(v)ram": "cuda 5.75G"
}
{
    "process": "gptq",
    "layer": 24,
    "module": "mlp.up_proj",
    "feat: in, out": "2048, 6144",
    "dtype: size": "bf16: 24.8MB",
    "loss": "0.0021380614",
    "samples": "156181",
    "damp": "0.05000",
    "time": "4.261",
    "fwd_time": "1.147",
    "(v)ram": "cuda 5.75G"
}
{
    "process": "gptq",
    "layer": 24,
    "module": "mlp.gate_proj",
    "feat: in, out": "2048, 6144",
    "dtype: size": "bf16: 24.8MB",
    "loss": "0.0018252576",
    "samples": "156181",
    "damp": "0.05000",
    "time": "4.404",
    "fwd_time": "1.147",
    "(v)ram": "cuda 5.75G"
}
{
    "process": "gptq",
    "layer": 24,
    "module": "mlp.down_proj",
    "feat: in, out": "6144, 2048",
    "dtype: size": "bf16: 24.8MB",
    "loss": "0.0155438423",
    "samples": "156181",
    "damp": "0.05000",
    "time": "6.059",
    "fwd_time": "1.883",
    "(v)ram": "cuda 5.75G"
}
{
    "process": "gptq",
    "layer": 25,
    "module": "self_attn.k_proj",
    "feat: in, out": "2048, 1024",
    "dtype: size": "bf16: 4.1MB",
    "loss": "0.0240249547",
    "samples": "156181",
    "damp": "0.05000",
    "time": "5.858",
    "fwd_time": "1.091",
    "(v)ram": "cuda 5.75G"
}
{
    "process": "gptq",
    "layer": 25,
    "module": "self_attn.q_proj",
    "feat: in, out": "2048, 2048",
    "dtype: size": "bf16: 8.3MB",
    "loss": "0.0648109017",
    "samples": "156181",
    "damp": "0.05000",
    "time": "5.967",
    "fwd_time": "1.091",
    "(v)ram": "cuda 5.75G"
}
{
    "process": "gptq",
    "layer": 25,
    "module": "self_attn.v_proj",
    "feat: in, out": "2048, 1024",
    "dtype: size": "bf16: 4.1MB",
    "loss": "0.0363023780",
    "samples": "156181",
    "damp": "0.05000",
    "time": "5.990",
    "fwd_time": "1.091",
    "(v)ram": "cuda 5.75G"
}
{
    "process": "gptq",
    "layer": 25,
    "module": "self_attn.o_proj",
    "feat: in, out": "2048, 2048",
    "dtype: size": "bf16: 8.3MB",
    "loss": "0.0022207912",
    "samples": "156181",
    "damp": "0.05000",
    "time": "2.039",
    "fwd_time": "0.752",
    "(v)ram": "cuda 5.75G"
}
{
    "process": "gptq",
    "layer": 25,
    "module": "mlp.gate_proj",
    "feat: in, out": "2048, 6144",
    "dtype: size": "bf16: 24.8MB",
    "loss": "0.0017633388",
    "samples": "156181",
    "damp": "0.05000",
    "time": "4.096",
    "fwd_time": "1.084",
    "(v)ram": "cuda 5.75G"
}
{
    "process": "gptq",
    "layer": 25,
    "module": "mlp.up_proj",
    "feat: in, out": "2048, 6144",
    "dtype: size": "bf16: 24.8MB",
    "loss": "0.0021193363",
    "samples": "156181",
    "damp": "0.05000",
    "time": "4.159",
    "fwd_time": "1.084",
    "(v)ram": "cuda 5.75G"
}
{
    "process": "gptq",
    "layer": 25,
    "module": "mlp.down_proj",
    "feat: in, out": "6144, 2048",
    "dtype: size": "bf16: 24.8MB",
    "loss": "0.0188554359",
    "samples": "156181",
    "damp": "0.05000",
    "time": "6.839",
    "fwd_time": "1.975",
    "(v)ram": "cuda 5.75G"
}
{
    "process": "gptq",
    "layer": 26,
    "module": "self_attn.k_proj",
    "feat: in, out": "2048, 1024",
    "dtype: size": "bf16: 4.1MB",
    "loss": "0.0235042013",
    "samples": "156181",
    "damp": "0.05000",
    "time": "5.386",
    "fwd_time": "1.081",
    "(v)ram": "cuda 5.75G"
}
{
    "process": "gptq",
    "layer": 26,
    "module": "self_attn.q_proj",
    "feat: in, out": "2048, 2048",
    "dtype: size": "bf16: 8.3MB",
    "loss": "0.0782564080",
    "samples": "156181",
    "damp": "0.05000",
    "time": "6.219",
    "fwd_time": "1.081",
    "(v)ram": "cuda 5.75G"
}
{
    "process": "gptq",
    "layer": 26,
    "module": "self_attn.v_proj",
    "feat: in, out": "2048, 1024",
    "dtype: size": "bf16: 4.1MB",
    "loss": "0.0351990220",
    "samples": "156181",
    "damp": "0.05000",
    "time": "6.411",
    "fwd_time": "1.081",
    "(v)ram": "cuda 5.75G"
}
{
    "process": "gptq",
    "layer": 26,
    "module": "self_attn.o_proj",
    "feat: in, out": "2048, 2048",
    "dtype: size": "bf16: 8.3MB",
    "loss": "0.0054992605",
    "samples": "156181",
    "damp": "0.05000",
    "time": "2.056",
    "fwd_time": "0.685",
    "(v)ram": "cuda 5.75G"
}
{
    "process": "gptq",
    "layer": 26,
    "module": "mlp.gate_proj",
    "feat: in, out": "2048, 6144",
    "dtype: size": "bf16: 24.8MB",
    "loss": "0.0018002954",
    "samples": "156181",
    "damp": "0.05000",
    "time": "4.292",
    "fwd_time": "1.040",
    "(v)ram": "cuda 5.75G"
}
{
    "process": "gptq",
    "layer": 26,
    "module": "mlp.up_proj",
    "feat: in, out": "2048, 6144",
    "dtype: size": "bf16: 24.8MB",
    "loss": "0.0021403288",
    "samples": "156181",
    "damp": "0.05000",
    "time": "4.323",
    "fwd_time": "1.040",
    "(v)ram": "cuda 5.75G"
}
{
    "process": "gptq",
    "layer": 26,
    "module": "mlp.down_proj",
    "feat: in, out": "6144, 2048",
    "dtype: size": "bf16: 24.8MB",
    "loss": "0.0230394539",
    "samples": "156181",
    "damp": "0.05000",
    "time": "6.544",
    "fwd_time": "1.892",
    "(v)ram": "cuda 5.75G"
}
{
    "process": "gptq",
    "layer": 27,
    "module": "self_attn.q_proj",
    "feat: in, out": "2048, 2048",
    "dtype: size": "bf16: 8.3MB",
    "loss": "0.0252394551",
    "samples": "156181",
    "damp": "0.05000",
    "time": "5.745",
    "fwd_time": "1.075",
    "(v)ram": "cuda 5.75G"
}
{
    "process": "gptq",
    "layer": 27,
    "module": "self_attn.k_proj",
    "feat: in, out": "2048, 1024",
    "dtype: size": "bf16: 4.1MB",
    "loss": "0.0115969009",
    "samples": "156181",
    "damp": "0.05000",
    "time": "5.840",
    "fwd_time": "1.075",
    "(v)ram": "cuda 5.75G"
}
{
    "process": "gptq",
    "layer": 27,
    "module": "self_attn.v_proj",
    "feat: in, out": "2048, 1024",
    "dtype: size": "bf16: 4.1MB",
    "loss": "0.0142129765",
    "samples": "156181",
    "damp": "0.05000",
    "time": "6.000",
    "fwd_time": "1.075",
    "(v)ram": "cuda 5.75G"
}
{
    "process": "gptq",
    "layer": 27,
    "module": "self_attn.o_proj",
    "feat: in, out": "2048, 2048",
    "dtype: size": "bf16: 8.3MB",
    "loss": "0.0035213500",
    "samples": "156181",
    "damp": "0.05000",
    "time": "2.083",
    "fwd_time": "0.871",
    "(v)ram": "cuda 5.75G"
}
{
    "process": "gptq",
    "layer": 27,
    "module": "mlp.gate_proj",
    "feat: in, out": "2048, 6144",
    "dtype: size": "bf16: 24.8MB",
    "loss": "0.0029954130",
    "samples": "156181",
    "damp": "0.05000",
    "time": "4.595",
    "fwd_time": "1.105",
    "(v)ram": "cuda 5.75G"
}
{
    "process": "gptq",
    "layer": 27,
    "module": "mlp.up_proj",
    "feat: in, out": "2048, 6144",
    "dtype: size": "bf16: 24.8MB",
    "loss": "0.0030415431",
    "samples": "156181",
    "damp": "0.05000",
    "time": "4.632",
    "fwd_time": "1.105",
    "(v)ram": "cuda 5.75G"
}
{
    "process": "gptq",
    "layer": 27,
    "module": "mlp.down_proj",
    "feat: in, out": "6144, 2048",
    "dtype: size": "bf16: 24.8MB",
    "loss": "0.0479957012",
    "samples": "156181",
    "damp": "0.05000",
    "time": "6.921",
    "fwd_time": "1.989",
    "(v)ram": "cuda 5.75G"
}
