{
    "process": "gptq",
    "layer": 0,
    "module": "self_attn.q_proj",
    "feat: in, out": "2048, 2048",
    "dtype: size": "bf16: 8.3MB",
    "loss": "0.0000090383",
    "samples": "156181",
    "damp": "0.05000",
    "time": "1.792",
    "fwd_time": "0.932",
    "(v)ram": "cuda 1.04G"
}
{
    "process": "gptq",
    "layer": 0,
    "module": "self_attn.v_proj",
    "feat: in, out": "2048, 1024",
    "dtype: size": "bf16: 4.1MB",
    "loss": "0.0000037399",
    "samples": "156181",
    "damp": "0.05000",
    "time": "1.717",
    "fwd_time": "0.932",
    "(v)ram": "cuda 1.04G"
}
{
    "process": "gptq",
    "layer": 0,
    "module": "self_attn.k_proj",
    "feat: in, out": "2048, 1024",
    "dtype: size": "bf16: 4.1MB",
    "loss": "0.0000043621",
    "samples": "156181",
    "damp": "0.05000",
    "time": "1.739",
    "fwd_time": "0.932",
    "(v)ram": "cuda 1.04G"
}
{
    "process": "gptq",
    "layer": 0,
    "module": "self_attn.o_proj",
    "feat: in, out": "2048, 2048",
    "dtype: size": "bf16: 8.3MB",
    "loss": "0.0000099537",
    "samples": "156181",
    "damp": "0.05000",
    "time": "0.458",
    "fwd_time": "0.604",
    "(v)ram": "cuda 1.13G"
}
{
    "process": "gptq",
    "layer": 0,
    "module": "mlp.up_proj",
    "feat: in, out": "2048, 6144",
    "dtype: size": "bf16: 24.8MB",
    "loss": "0.0000606537",
    "samples": "156181",
    "damp": "0.05000",
    "time": "0.997",
    "fwd_time": "0.693",
    "(v)ram": "cuda 1.5G"
}
{
    "process": "gptq",
    "layer": 0,
    "module": "mlp.gate_proj",
    "feat: in, out": "2048, 6144",
    "dtype: size": "bf16: 24.8MB",
    "loss": "0.0000933401",
    "samples": "156181",
    "damp": "0.05000",
    "time": "1.023",
    "fwd_time": "0.693",
    "(v)ram": "cuda 1.5G"
}
{
    "process": "gptq",
    "layer": 0,
    "module": "mlp.down_proj",
    "feat: in, out": "6144, 2048",
    "dtype: size": "bf16: 24.8MB",
    "loss": "0.0000196977",
    "samples": "156181",
    "damp": "0.05000",
    "time": "2.031",
    "fwd_time": "1.467",
    "(v)ram": "cuda 2.07G"
}
{
    "process": "gptq",
    "layer": 1,
    "module": "self_attn.q_proj",
    "feat: in, out": "2048, 2048",
    "dtype: size": "bf16: 8.3MB",
    "loss": "0.0000058463",
    "samples": "156181",
    "damp": "0.05000",
    "time": "1.567",
    "fwd_time": "0.845",
    "(v)ram": "cuda 2.11G"
}
{
    "process": "gptq",
    "layer": 1,
    "module": "self_attn.k_proj",
    "feat: in, out": "2048, 1024",
    "dtype: size": "bf16: 4.1MB",
    "loss": "0.0000028711",
    "samples": "156181",
    "damp": "0.05000",
    "time": "1.590",
    "fwd_time": "0.845",
    "(v)ram": "cuda 2.11G"
}
{
    "process": "gptq",
    "layer": 1,
    "module": "self_attn.v_proj",
    "feat: in, out": "2048, 1024",
    "dtype: size": "bf16: 4.1MB",
    "loss": "0.0000028031",
    "samples": "156181",
    "damp": "0.05000",
    "time": "1.598",
    "fwd_time": "0.845",
    "(v)ram": "cuda 2.11G"
}
{
    "process": "gptq",
    "layer": 1,
    "module": "self_attn.o_proj",
    "feat: in, out": "2048, 2048",
    "dtype: size": "bf16: 8.3MB",
    "loss": "0.0000031609",
    "samples": "156181",
    "damp": "0.05000",
    "time": "0.426",
    "fwd_time": "0.557",
    "(v)ram": "cuda 2.11G"
}
{
    "process": "gptq",
    "layer": 1,
    "module": "mlp.gate_proj",
    "feat: in, out": "2048, 6144",
    "dtype: size": "bf16: 24.8MB",
    "loss": "0.0013159677",
    "samples": "156181",
    "damp": "0.05000",
    "time": "0.841",
    "fwd_time": "0.728",
    "(v)ram": "cuda 2.11G"
}
{
    "process": "gptq",
    "layer": 1,
    "module": "mlp.up_proj",
    "feat: in, out": "2048, 6144",
    "dtype: size": "bf16: 24.8MB",
    "loss": "0.0005318865",
    "samples": "156181",
    "damp": "0.05000",
    "time": "0.878",
    "fwd_time": "0.728",
    "(v)ram": "cuda 2.11G"
}
{
    "process": "gptq",
    "layer": 1,
    "module": "mlp.down_proj",
    "feat: in, out": "6144, 2048",
    "dtype: size": "bf16: 24.8MB",
    "loss": "0.0000316833",
    "samples": "156181",
    "damp": "0.05000",
    "time": "1.367",
    "fwd_time": "1.229",
    "(v)ram": "cuda 2.39G"
}
{
    "process": "gptq",
    "layer": 2,
    "module": "self_attn.v_proj",
    "feat: in, out": "2048, 1024",
    "dtype: size": "bf16: 4.1MB",
    "loss": "0.0000057797",
    "samples": "156181",
    "damp": "0.05000",
    "time": "1.775",
    "fwd_time": "0.965",
    "(v)ram": "cuda 2.43G"
}
{
    "process": "gptq",
    "layer": 2,
    "module": "self_attn.k_proj",
    "feat: in, out": "2048, 1024",
    "dtype: size": "bf16: 4.1MB",
    "loss": "0.0000057479",
    "samples": "156181",
    "damp": "0.05000",
    "time": "1.811",
    "fwd_time": "0.965",
    "(v)ram": "cuda 2.43G"
}
{
    "process": "gptq",
    "layer": 2,
    "module": "self_attn.q_proj",
    "feat: in, out": "2048, 2048",
    "dtype: size": "bf16: 8.3MB",
    "loss": "0.0000125526",
    "samples": "156181",
    "damp": "0.05000",
    "time": "1.820",
    "fwd_time": "0.965",
    "(v)ram": "cuda 2.43G"
}
{
    "process": "gptq",
    "layer": 2,
    "module": "self_attn.o_proj",
    "feat: in, out": "2048, 2048",
    "dtype: size": "bf16: 8.3MB",
    "loss": "0.0000054031",
    "samples": "156181",
    "damp": "0.05000",
    "time": "0.426",
    "fwd_time": "0.560",
    "(v)ram": "cuda 2.43G"
}
{
    "process": "gptq",
    "layer": 2,
    "module": "mlp.gate_proj",
    "feat: in, out": "2048, 6144",
    "dtype: size": "bf16: 24.8MB",
    "loss": "0.0011221913",
    "samples": "156181",
    "damp": "0.05000",
    "time": "0.956",
    "fwd_time": "0.746",
    "(v)ram": "cuda 2.43G"
}
{
    "process": "gptq",
    "layer": 2,
    "module": "mlp.up_proj",
    "feat: in, out": "2048, 6144",
    "dtype: size": "bf16: 24.8MB",
    "loss": "0.0004492672",
    "samples": "156181",
    "damp": "0.05000",
    "time": "0.969",
    "fwd_time": "0.746",
    "(v)ram": "cuda 2.43G"
}
{
    "process": "gptq",
    "layer": 2,
    "module": "mlp.down_proj",
    "feat: in, out": "6144, 2048",
    "dtype: size": "bf16: 24.8MB",
    "loss": "0.0347097497",
    "samples": "156181",
    "damp": "0.05000",
    "time": "1.789",
    "fwd_time": "1.244",
    "(v)ram": "cuda 2.71G"
}
{
    "process": "gptq",
    "layer": 3,
    "module": "self_attn.q_proj",
    "feat: in, out": "2048, 2048",
    "dtype: size": "bf16: 8.3MB",
    "loss": "0.0000831284",
    "samples": "156181",
    "damp": "0.05000",
    "time": "1.528",
    "fwd_time": "1.011",
    "(v)ram": "cuda 2.71G"
}
{
    "process": "gptq",
    "layer": 3,
    "module": "self_attn.k_proj",
    "feat: in, out": "2048, 1024",
    "dtype: size": "bf16: 4.1MB",
    "loss": "0.0000427963",
    "samples": "156181",
    "damp": "0.05000",
    "time": "1.538",
    "fwd_time": "1.011",
    "(v)ram": "cuda 2.71G"
}
{
    "process": "gptq",
    "layer": 3,
    "module": "self_attn.v_proj",
    "feat: in, out": "2048, 1024",
    "dtype: size": "bf16: 4.1MB",
    "loss": "0.0000435179",
    "samples": "156181",
    "damp": "0.05000",
    "time": "1.546",
    "fwd_time": "1.011",
    "(v)ram": "cuda 2.71G"
}
{
    "process": "gptq",
    "layer": 3,
    "module": "self_attn.o_proj",
    "feat: in, out": "2048, 2048",
    "dtype: size": "bf16: 8.3MB",
    "loss": "0.0000122550",
    "samples": "156181",
    "damp": "0.05000",
    "time": "0.668",
    "fwd_time": "0.714",
    "(v)ram": "cuda 2.71G"
}
{
    "process": "gptq",
    "layer": 3,
    "module": "mlp.gate_proj",
    "feat: in, out": "2048, 6144",
    "dtype: size": "bf16: 24.8MB",
    "loss": "0.0013603060",
    "samples": "156181",
    "damp": "0.05000",
    "time": "1.101",
    "fwd_time": "0.866",
    "(v)ram": "cuda 2.71G"
}
{
    "process": "gptq",
    "layer": 3,
    "module": "mlp.up_proj",
    "feat: in, out": "2048, 6144",
    "dtype: size": "bf16: 24.8MB",
    "loss": "0.0005883557",
    "samples": "156181",
    "damp": "0.05000",
    "time": "1.165",
    "fwd_time": "0.866",
    "(v)ram": "cuda 2.71G"
}
{
    "process": "gptq",
    "layer": 3,
    "module": "mlp.down_proj",
    "feat: in, out": "6144, 2048",
    "dtype: size": "bf16: 24.8MB",
    "loss": "0.0000599447",
    "samples": "156181",
    "damp": "0.05000",
    "time": "1.595",
    "fwd_time": "1.253",
    "(v)ram": "cuda 2.71G"
}
{
    "process": "gptq",
    "layer": 4,
    "module": "self_attn.k_proj",
    "feat: in, out": "2048, 1024",
    "dtype: size": "bf16: 4.1MB",
    "loss": "0.0000390399",
    "samples": "156181",
    "damp": "0.05000",
    "time": "1.536",
    "fwd_time": "0.792",
    "(v)ram": "cuda 2.71G"
}
{
    "process": "gptq",
    "layer": 4,
    "module": "self_attn.q_proj",
    "feat: in, out": "2048, 2048",
    "dtype: size": "bf16: 8.3MB",
    "loss": "0.0000798453",
    "samples": "156181",
    "damp": "0.05000",
    "time": "1.568",
    "fwd_time": "0.792",
    "(v)ram": "cuda 2.71G"
}
{
    "process": "gptq",
    "layer": 4,
    "module": "self_attn.v_proj",
    "feat: in, out": "2048, 1024",
    "dtype: size": "bf16: 4.1MB",
    "loss": "0.0000420538",
    "samples": "156181",
    "damp": "0.05000",
    "time": "1.604",
    "fwd_time": "0.792",
    "(v)ram": "cuda 2.71G"
}
{
    "process": "gptq",
    "layer": 4,
    "module": "self_attn.o_proj",
    "feat: in, out": "2048, 2048",
    "dtype: size": "bf16: 8.3MB",
    "loss": "0.0000179438",
    "samples": "156181",
    "damp": "0.05000",
    "time": "0.590",
    "fwd_time": "0.485",
    "(v)ram": "cuda 2.71G"
}
{
    "process": "gptq",
    "layer": 4,
    "module": "mlp.up_proj",
    "feat: in, out": "2048, 6144",
    "dtype: size": "bf16: 24.8MB",
    "loss": "0.0006142758",
    "samples": "156181",
    "damp": "0.05000",
    "time": "0.900",
    "fwd_time": "0.699",
    "(v)ram": "cuda 2.71G"
}
{
    "process": "gptq",
    "layer": 4,
    "module": "mlp.gate_proj",
    "feat: in, out": "2048, 6144",
    "dtype: size": "bf16: 24.8MB",
    "loss": "0.0013112816",
    "samples": "156181",
    "damp": "0.05000",
    "time": "0.948",
    "fwd_time": "0.699",
    "(v)ram": "cuda 2.71G"
}
{
    "process": "gptq",
    "layer": 4,
    "module": "mlp.down_proj",
    "feat: in, out": "6144, 2048",
    "dtype: size": "bf16: 24.8MB",
    "loss": "0.0000931187",
    "samples": "156181",
    "damp": "0.05000",
    "time": "1.398",
    "fwd_time": "1.245",
    "(v)ram": "cuda 2.85G"
}
{
    "process": "gptq",
    "layer": 5,
    "module": "self_attn.k_proj",
    "feat: in, out": "2048, 1024",
    "dtype: size": "bf16: 4.1MB",
    "loss": "0.0000540431",
    "samples": "156181",
    "damp": "0.05000",
    "time": "1.593",
    "fwd_time": "0.806",
    "(v)ram": "cuda 2.85G"
}
{
    "process": "gptq",
    "layer": 5,
    "module": "self_attn.v_proj",
    "feat: in, out": "2048, 1024",
    "dtype: size": "bf16: 4.1MB",
    "loss": "0.0000661112",
    "samples": "156181",
    "damp": "0.05000",
    "time": "1.616",
    "fwd_time": "0.806",
    "(v)ram": "cuda 2.85G"
}
{
    "process": "gptq",
    "layer": 5,
    "module": "self_attn.q_proj",
    "feat: in, out": "2048, 2048",
    "dtype: size": "bf16: 8.3MB",
    "loss": "0.0001255815",
    "samples": "156181",
    "damp": "0.05000",
    "time": "1.619",
    "fwd_time": "0.806",
    "(v)ram": "cuda 2.85G"
}
{
    "process": "gptq",
    "layer": 5,
    "module": "self_attn.o_proj",
    "feat: in, out": "2048, 2048",
    "dtype: size": "bf16: 8.3MB",
    "loss": "0.0000278821",
    "samples": "156181",
    "damp": "0.05000",
    "time": "0.590",
    "fwd_time": "0.545",
    "(v)ram": "cuda 2.85G"
}
{
    "process": "gptq",
    "layer": 5,
    "module": "mlp.gate_proj",
    "feat: in, out": "2048, 6144",
    "dtype: size": "bf16: 24.8MB",
    "loss": "0.0006737245",
    "samples": "156181",
    "damp": "0.05000",
    "time": "0.974",
    "fwd_time": "0.740",
    "(v)ram": "cuda 2.85G"
}
{
    "process": "gptq",
    "layer": 5,
    "module": "mlp.up_proj",
    "feat: in, out": "2048, 6144",
    "dtype: size": "bf16: 24.8MB",
    "loss": "0.0004593975",
    "samples": "156181",
    "damp": "0.05000",
    "time": "0.988",
    "fwd_time": "0.740",
    "(v)ram": "cuda 2.85G"
}
{
    "process": "gptq",
    "layer": 5,
    "module": "mlp.down_proj",
    "feat: in, out": "6144, 2048",
    "dtype: size": "bf16: 24.8MB",
    "loss": "0.0001151478",
    "samples": "156181",
    "damp": "0.05000",
    "time": "2.010",
    "fwd_time": "1.149",
    "(v)ram": "cuda 2.85G"
}
{
    "process": "gptq",
    "layer": 6,
    "module": "self_attn.v_proj",
    "feat: in, out": "2048, 1024",
    "dtype: size": "bf16: 4.1MB",
    "loss": "0.0000520141",
    "samples": "156181",
    "damp": "0.05000",
    "time": "1.809",
    "fwd_time": "0.902",
    "(v)ram": "cuda 2.85G"
}
{
    "process": "gptq",
    "layer": 6,
    "module": "self_attn.q_proj",
    "feat: in, out": "2048, 2048",
    "dtype: size": "bf16: 8.3MB",
    "loss": "0.0001059963",
    "samples": "156181",
    "damp": "0.05000",
    "time": "1.873",
    "fwd_time": "0.902",
    "(v)ram": "cuda 2.85G"
}
{
    "process": "gptq",
    "layer": 6,
    "module": "self_attn.k_proj",
    "feat: in, out": "2048, 1024",
    "dtype: size": "bf16: 4.1MB",
    "loss": "0.0000510703",
    "samples": "156181",
    "damp": "0.05000",
    "time": "1.883",
    "fwd_time": "0.902",
    "(v)ram": "cuda 2.85G"
}
{
    "process": "gptq",
    "layer": 6,
    "module": "self_attn.o_proj",
    "feat: in, out": "2048, 2048",
    "dtype: size": "bf16: 8.3MB",
    "loss": "0.0000257904",
    "samples": "156181",
    "damp": "0.05000",
    "time": "0.587",
    "fwd_time": "0.536",
    "(v)ram": "cuda 2.85G"
}
{
    "process": "gptq",
    "layer": 6,
    "module": "mlp.gate_proj",
    "feat: in, out": "2048, 6144",
    "dtype: size": "bf16: 24.8MB",
    "loss": "0.0008770791",
    "samples": "156181",
    "damp": "0.05000",
    "time": "0.955",
    "fwd_time": "0.749",
    "(v)ram": "cuda 2.85G"
}
{
    "process": "gptq",
    "layer": 6,
    "module": "mlp.up_proj",
    "feat: in, out": "2048, 6144",
    "dtype: size": "bf16: 24.8MB",
    "loss": "0.0006152504",
    "samples": "156181",
    "damp": "0.05000",
    "time": "0.961",
    "fwd_time": "0.749",
    "(v)ram": "cuda 2.85G"
}
{
    "process": "gptq",
    "layer": 6,
    "module": "mlp.down_proj",
    "feat: in, out": "6144, 2048",
    "dtype: size": "bf16: 24.8MB",
    "loss": "0.0001528708",
    "samples": "156181",
    "damp": "0.05000",
    "time": "1.535",
    "fwd_time": "1.105",
    "(v)ram": "cuda 2.85G"
}
{
    "process": "gptq",
    "layer": 7,
    "module": "self_attn.k_proj",
    "feat: in, out": "2048, 1024",
    "dtype: size": "bf16: 4.1MB",
    "loss": "0.0000985899",
    "samples": "156181",
    "damp": "0.05000",
    "time": "1.896",
    "fwd_time": "0.947",
    "(v)ram": "cuda 2.86G"
}
{
    "process": "gptq",
    "layer": 7,
    "module": "self_attn.q_proj",
    "feat: in, out": "2048, 2048",
    "dtype: size": "bf16: 8.3MB",
    "loss": "0.0002291997",
    "samples": "156181",
    "damp": "0.05000",
    "time": "1.956",
    "fwd_time": "0.947",
    "(v)ram": "cuda 2.86G"
}
{
    "process": "gptq",
    "layer": 7,
    "module": "self_attn.v_proj",
    "feat: in, out": "2048, 1024",
    "dtype: size": "bf16: 4.1MB",
    "loss": "0.0001165613",
    "samples": "156181",
    "damp": "0.05000",
    "time": "1.960",
    "fwd_time": "0.947",
    "(v)ram": "cuda 2.86G"
}
{
    "process": "gptq",
    "layer": 7,
    "module": "self_attn.o_proj",
    "feat: in, out": "2048, 2048",
    "dtype: size": "bf16: 8.3MB",
    "loss": "0.0000468301",
    "samples": "156181",
    "damp": "0.05000",
    "time": "0.585",
    "fwd_time": "0.564",
    "(v)ram": "cuda 2.86G"
}
{
    "process": "gptq",
    "layer": 7,
    "module": "mlp.gate_proj",
    "feat: in, out": "2048, 6144",
    "dtype: size": "bf16: 24.8MB",
    "loss": "0.0011782648",
    "samples": "156181",
    "damp": "0.05000",
    "time": "0.947",
    "fwd_time": "0.766",
    "(v)ram": "cuda 2.86G"
}
{
    "process": "gptq",
    "layer": 7,
    "module": "mlp.up_proj",
    "feat: in, out": "2048, 6144",
    "dtype: size": "bf16: 24.8MB",
    "loss": "0.0007774534",
    "samples": "156181",
    "damp": "0.05000",
    "time": "0.955",
    "fwd_time": "0.766",
    "(v)ram": "cuda 2.86G"
}
{
    "process": "gptq",
    "layer": 7,
    "module": "mlp.down_proj",
    "feat: in, out": "6144, 2048",
    "dtype: size": "bf16: 24.8MB",
    "loss": "0.0001638091",
    "samples": "156181",
    "damp": "0.05000",
    "time": "1.794",
    "fwd_time": "1.248",
    "(v)ram": "cuda 2.86G"
}
{
    "process": "gptq",
    "layer": 8,
    "module": "self_attn.v_proj",
    "feat: in, out": "2048, 1024",
    "dtype: size": "bf16: 4.1MB",
    "loss": "0.0001335081",
    "samples": "156181",
    "damp": "0.05000",
    "time": "1.752",
    "fwd_time": "0.995",
    "(v)ram": "cuda 2.86G"
}
{
    "process": "gptq",
    "layer": 8,
    "module": "self_attn.k_proj",
    "feat: in, out": "2048, 1024",
    "dtype: size": "bf16: 4.1MB",
    "loss": "0.0001393085",
    "samples": "156181",
    "damp": "0.05000",
    "time": "1.771",
    "fwd_time": "0.995",
    "(v)ram": "cuda 2.86G"
}
{
    "process": "gptq",
    "layer": 8,
    "module": "self_attn.q_proj",
    "feat: in, out": "2048, 2048",
    "dtype: size": "bf16: 8.3MB",
    "loss": "0.0002829372",
    "samples": "156181",
    "damp": "0.05000",
    "time": "1.773",
    "fwd_time": "0.995",
    "(v)ram": "cuda 2.86G"
}
{
    "process": "gptq",
    "layer": 8,
    "module": "self_attn.o_proj",
    "feat: in, out": "2048, 2048",
    "dtype: size": "bf16: 8.3MB",
    "loss": "0.0000387304",
    "samples": "156181",
    "damp": "0.05000",
    "time": "0.692",
    "fwd_time": "0.604",
    "(v)ram": "cuda 2.86G"
}
{
    "process": "gptq",
    "layer": 8,
    "module": "mlp.gate_proj",
    "feat: in, out": "2048, 6144",
    "dtype: size": "bf16: 24.8MB",
    "loss": "0.0010473723",
    "samples": "156181",
    "damp": "0.05000",
    "time": "1.089",
    "fwd_time": "0.763",
    "(v)ram": "cuda 2.86G"
}
{
    "process": "gptq",
    "layer": 8,
    "module": "mlp.up_proj",
    "feat: in, out": "2048, 6144",
    "dtype: size": "bf16: 24.8MB",
    "loss": "0.0007711821",
    "samples": "156181",
    "damp": "0.05000",
    "time": "1.123",
    "fwd_time": "0.763",
    "(v)ram": "cuda 2.86G"
}
{
    "process": "gptq",
    "layer": 8,
    "module": "mlp.down_proj",
    "feat: in, out": "6144, 2048",
    "dtype: size": "bf16: 24.8MB",
    "loss": "0.0001961961",
    "samples": "156181",
    "damp": "0.05000",
    "time": "1.872",
    "fwd_time": "1.241",
    "(v)ram": "cuda 2.86G"
}
{
    "process": "gptq",
    "layer": 9,
    "module": "self_attn.q_proj",
    "feat: in, out": "2048, 2048",
    "dtype: size": "bf16: 8.3MB",
    "loss": "0.0005480851",
    "samples": "156181",
    "damp": "0.05000",
    "time": "1.563",
    "fwd_time": "0.898",
    "(v)ram": "cuda 2.86G"
}
{
    "process": "gptq",
    "layer": 9,
    "module": "self_attn.v_proj",
    "feat: in, out": "2048, 1024",
    "dtype: size": "bf16: 4.1MB",
    "loss": "0.0002461729",
    "samples": "156181",
    "damp": "0.05000",
    "time": "1.569",
    "fwd_time": "0.898",
    "(v)ram": "cuda 2.86G"
}
{
    "process": "gptq",
    "layer": 9,
    "module": "self_attn.k_proj",
    "feat: in, out": "2048, 1024",
    "dtype: size": "bf16: 4.1MB",
    "loss": "0.0002471103",
    "samples": "156181",
    "damp": "0.05000",
    "time": "1.585",
    "fwd_time": "0.898",
    "(v)ram": "cuda 2.86G"
}
{
    "process": "gptq",
    "layer": 9,
    "module": "self_attn.o_proj",
    "feat: in, out": "2048, 2048",
    "dtype: size": "bf16: 8.3MB",
    "loss": "0.0001047318",
    "samples": "156181",
    "damp": "0.05000",
    "time": "0.593",
    "fwd_time": "0.462",
    "(v)ram": "cuda 2.86G"
}
{
    "process": "gptq",
    "layer": 9,
    "module": "mlp.gate_proj",
    "feat: in, out": "2048, 6144",
    "dtype: size": "bf16: 24.8MB",
    "loss": "0.0009743286",
    "samples": "156181",
    "damp": "0.05000",
    "time": "1.046",
    "fwd_time": "0.637",
    "(v)ram": "cuda 2.86G"
}
{
    "process": "gptq",
    "layer": 9,
    "module": "mlp.up_proj",
    "feat: in, out": "2048, 6144",
    "dtype: size": "bf16: 24.8MB",
    "loss": "0.0007825780",
    "samples": "156181",
    "damp": "0.05000",
    "time": "1.108",
    "fwd_time": "0.637",
    "(v)ram": "cuda 2.86G"
}
{
    "process": "gptq",
    "layer": 9,
    "module": "mlp.down_proj",
    "feat: in, out": "6144, 2048",
    "dtype: size": "bf16: 24.8MB",
    "loss": "0.0002597498",
    "samples": "156181",
    "damp": "0.05000",
    "time": "1.805",
    "fwd_time": "1.256",
    "(v)ram": "cuda 3.G"
}
{
    "process": "gptq",
    "layer": 10,
    "module": "self_attn.q_proj",
    "feat: in, out": "2048, 2048",
    "dtype: size": "bf16: 8.3MB",
    "loss": "0.0004110411",
    "samples": "156181",
    "damp": "0.05000",
    "time": "1.561",
    "fwd_time": "0.826",
    "(v)ram": "cuda 3.G"
}
{
    "process": "gptq",
    "layer": 10,
    "module": "self_attn.v_proj",
    "feat: in, out": "2048, 1024",
    "dtype: size": "bf16: 4.1MB",
    "loss": "0.0001954006",
    "samples": "156181",
    "damp": "0.05000",
    "time": "1.575",
    "fwd_time": "0.826",
    "(v)ram": "cuda 3.G"
}
{
    "process": "gptq",
    "layer": 10,
    "module": "self_attn.k_proj",
    "feat: in, out": "2048, 1024",
    "dtype: size": "bf16: 4.1MB",
    "loss": "0.0001859349",
    "samples": "156181",
    "damp": "0.05000",
    "time": "1.578",
    "fwd_time": "0.826",
    "(v)ram": "cuda 3.G"
}
{
    "process": "gptq",
    "layer": 10,
    "module": "self_attn.o_proj",
    "feat: in, out": "2048, 2048",
    "dtype: size": "bf16: 8.3MB",
    "loss": "0.0001131866",
    "samples": "156181",
    "damp": "0.05000",
    "time": "0.598",
    "fwd_time": "0.650",
    "(v)ram": "cuda 3.G"
}
{
    "process": "gptq",
    "layer": 10,
    "module": "mlp.up_proj",
    "feat: in, out": "2048, 6144",
    "dtype: size": "bf16: 24.8MB",
    "loss": "0.0008083971",
    "samples": "156181",
    "damp": "0.05000",
    "time": "1.106",
    "fwd_time": "0.882",
    "(v)ram": "cuda 3.G"
}
{
    "process": "gptq",
    "layer": 10,
    "module": "mlp.gate_proj",
    "feat: in, out": "2048, 6144",
    "dtype: size": "bf16: 24.8MB",
    "loss": "0.0009756169",
    "samples": "156181",
    "damp": "0.05000",
    "time": "1.172",
    "fwd_time": "0.882",
    "(v)ram": "cuda 3.G"
}
{
    "process": "gptq",
    "layer": 10,
    "module": "mlp.down_proj",
    "feat: in, out": "6144, 2048",
    "dtype: size": "bf16: 24.8MB",
    "loss": "0.0004378797",
    "samples": "156181",
    "damp": "0.05000",
    "time": "1.804",
    "fwd_time": "1.121",
    "(v)ram": "cuda 3.G"
}
{
    "process": "gptq",
    "layer": 11,
    "module": "self_attn.k_proj",
    "feat: in, out": "2048, 1024",
    "dtype: size": "bf16: 4.1MB",
    "loss": "0.0004024596",
    "samples": "156181",
    "damp": "0.05000",
    "time": "1.498",
    "fwd_time": "0.822",
    "(v)ram": "cuda 3.G"
}
{
    "process": "gptq",
    "layer": 11,
    "module": "self_attn.v_proj",
    "feat: in, out": "2048, 1024",
    "dtype: size": "bf16: 4.1MB",
    "loss": "0.0003604572",
    "samples": "156181",
    "damp": "0.05000",
    "time": "1.548",
    "fwd_time": "0.822",
    "(v)ram": "cuda 3.G"
}
{
    "process": "gptq",
    "layer": 11,
    "module": "self_attn.q_proj",
    "feat: in, out": "2048, 2048",
    "dtype: size": "bf16: 8.3MB",
    "loss": "0.0008938263",
    "samples": "156181",
    "damp": "0.05000",
    "time": "1.567",
    "fwd_time": "0.822",
    "(v)ram": "cuda 3.G"
}
{
    "process": "gptq",
    "layer": 11,
    "module": "self_attn.o_proj",
    "feat: in, out": "2048, 2048",
    "dtype: size": "bf16: 8.3MB",
    "loss": "0.0002873533",
    "samples": "156181",
    "damp": "0.05000",
    "time": "0.590",
    "fwd_time": "0.418",
    "(v)ram": "cuda 3.G"
}
{
    "process": "gptq",
    "layer": 11,
    "module": "mlp.up_proj",
    "feat: in, out": "2048, 6144",
    "dtype: size": "bf16: 24.8MB",
    "loss": "0.0007717702",
    "samples": "156181",
    "damp": "0.05000",
    "time": "0.857",
    "fwd_time": "0.608",
    "(v)ram": "cuda 3.G"
}
{
    "process": "gptq",
    "layer": 11,
    "module": "mlp.gate_proj",
    "feat: in, out": "2048, 6144",
    "dtype: size": "bf16: 24.8MB",
    "loss": "0.0008158724",
    "samples": "156181",
    "damp": "0.05000",
    "time": "0.907",
    "fwd_time": "0.608",
    "(v)ram": "cuda 3.G"
}
{
    "process": "gptq",
    "layer": 11,
    "module": "mlp.down_proj",
    "feat: in, out": "6144, 2048",
    "dtype: size": "bf16: 24.8MB",
    "loss": "0.0004976475",
    "samples": "156181",
    "damp": "0.05000",
    "time": "1.789",
    "fwd_time": "1.098",
    "(v)ram": "cuda 3.G"
}
{
    "process": "gptq",
    "layer": 12,
    "module": "self_attn.v_proj",
    "feat: in, out": "2048, 1024",
    "dtype: size": "bf16: 4.1MB",
    "loss": "0.0003705426",
    "samples": "156181",
    "damp": "0.05000",
    "time": "1.656",
    "fwd_time": "0.847",
    "(v)ram": "cuda 3.G"
}
{
    "process": "gptq",
    "layer": 12,
    "module": "self_attn.k_proj",
    "feat: in, out": "2048, 1024",
    "dtype: size": "bf16: 4.1MB",
    "loss": "0.0003704306",
    "samples": "156181",
    "damp": "0.05000",
    "time": "1.672",
    "fwd_time": "0.847",
    "(v)ram": "cuda 3.G"
}
{
    "process": "gptq",
    "layer": 12,
    "module": "self_attn.q_proj",
    "feat: in, out": "2048, 2048",
    "dtype: size": "bf16: 8.3MB",
    "loss": "0.0008109246",
    "samples": "156181",
    "damp": "0.05000",
    "time": "1.680",
    "fwd_time": "0.847",
    "(v)ram": "cuda 3.G"
}
{
    "process": "gptq",
    "layer": 12,
    "module": "self_attn.o_proj",
    "feat: in, out": "2048, 2048",
    "dtype: size": "bf16: 8.3MB",
    "loss": "0.0001763382",
    "samples": "156181",
    "damp": "0.05000",
    "time": "0.590",
    "fwd_time": "0.548",
    "(v)ram": "cuda 3.G"
}
{
    "process": "gptq",
    "layer": 12,
    "module": "mlp.up_proj",
    "feat: in, out": "2048, 6144",
    "dtype: size": "bf16: 24.8MB",
    "loss": "0.0008107115",
    "samples": "156181",
    "damp": "0.05000",
    "time": "1.046",
    "fwd_time": "0.727",
    "(v)ram": "cuda 3.G"
}
{
    "process": "gptq",
    "layer": 12,
    "module": "mlp.gate_proj",
    "feat: in, out": "2048, 6144",
    "dtype: size": "bf16: 24.8MB",
    "loss": "0.0008027601",
    "samples": "156181",
    "damp": "0.05000",
    "time": "1.056",
    "fwd_time": "0.727",
    "(v)ram": "cuda 3.G"
}
{
    "process": "gptq",
    "layer": 12,
    "module": "mlp.down_proj",
    "feat: in, out": "6144, 2048",
    "dtype: size": "bf16: 24.8MB",
    "loss": "0.0005917152",
    "samples": "156181",
    "damp": "0.05000",
    "time": "1.835",
    "fwd_time": "1.219",
    "(v)ram": "cuda 3.G"
}
{
    "process": "gptq",
    "layer": 13,
    "module": "self_attn.v_proj",
    "feat: in, out": "2048, 1024",
    "dtype: size": "bf16: 4.1MB",
    "loss": "0.0005043634",
    "samples": "156181",
    "damp": "0.05000",
    "time": "1.833",
    "fwd_time": "0.957",
    "(v)ram": "cuda 3.G"
}
{
    "process": "gptq",
    "layer": 13,
    "module": "self_attn.k_proj",
    "feat: in, out": "2048, 1024",
    "dtype: size": "bf16: 4.1MB",
    "loss": "0.0004793033",
    "samples": "156181",
    "damp": "0.05000",
    "time": "1.880",
    "fwd_time": "0.957",
    "(v)ram": "cuda 3.G"
}
{
    "process": "gptq",
    "layer": 13,
    "module": "self_attn.q_proj",
    "feat: in, out": "2048, 2048",
    "dtype: size": "bf16: 8.3MB",
    "loss": "0.0011830673",
    "samples": "156181",
    "damp": "0.05000",
    "time": "1.886",
    "fwd_time": "0.957",
    "(v)ram": "cuda 3.G"
}
{
    "process": "gptq",
    "layer": 13,
    "module": "self_attn.o_proj",
    "feat: in, out": "2048, 2048",
    "dtype: size": "bf16: 8.3MB",
    "loss": "0.0002494496",
    "samples": "156181",
    "damp": "0.05000",
    "time": "0.601",
    "fwd_time": "0.605",
    "(v)ram": "cuda 3.G"
}
{
    "process": "gptq",
    "layer": 13,
    "module": "mlp.up_proj",
    "feat: in, out": "2048, 6144",
    "dtype: size": "bf16: 24.8MB",
    "loss": "0.0008923114",
    "samples": "156181",
    "damp": "0.05000",
    "time": "1.002",
    "fwd_time": "0.821",
    "(v)ram": "cuda 3.G"
}
{
    "process": "gptq",
    "layer": 13,
    "module": "mlp.gate_proj",
    "feat: in, out": "2048, 6144",
    "dtype: size": "bf16: 24.8MB",
    "loss": "0.0008916767",
    "samples": "156181",
    "damp": "0.05000",
    "time": "1.128",
    "fwd_time": "0.821",
    "(v)ram": "cuda 3.G"
}
{
    "process": "gptq",
    "layer": 13,
    "module": "mlp.down_proj",
    "feat: in, out": "6144, 2048",
    "dtype: size": "bf16: 24.8MB",
    "loss": "0.0007192789",
    "samples": "156181",
    "damp": "0.05000",
    "time": "1.870",
    "fwd_time": "1.208",
    "(v)ram": "cuda 3.G"
}
{
    "process": "gptq",
    "layer": 14,
    "module": "self_attn.v_proj",
    "feat: in, out": "2048, 1024",
    "dtype: size": "bf16: 4.1MB",
    "loss": "0.0008343333",
    "samples": "156181",
    "damp": "0.05000",
    "time": "1.671",
    "fwd_time": "0.894",
    "(v)ram": "cuda 3.G"
}
{
    "process": "gptq",
    "layer": 14,
    "module": "self_attn.q_proj",
    "feat: in, out": "2048, 2048",
    "dtype: size": "bf16: 8.3MB",
    "loss": "0.0019411133",
    "samples": "156181",
    "damp": "0.05000",
    "time": "1.691",
    "fwd_time": "0.894",
    "(v)ram": "cuda 3.G"
}
{
    "process": "gptq",
    "layer": 14,
    "module": "self_attn.k_proj",
    "feat: in, out": "2048, 1024",
    "dtype: size": "bf16: 4.1MB",
    "loss": "0.0008392523",
    "samples": "156181",
    "damp": "0.05000",
    "time": "1.708",
    "fwd_time": "0.894",
    "(v)ram": "cuda 3.G"
}
{
    "process": "gptq",
    "layer": 14,
    "module": "self_attn.o_proj",
    "feat: in, out": "2048, 2048",
    "dtype: size": "bf16: 8.3MB",
    "loss": "0.0002842132",
    "samples": "156181",
    "damp": "0.05000",
    "time": "0.586",
    "fwd_time": "0.441",
    "(v)ram": "cuda 3.G"
}
{
    "process": "gptq",
    "layer": 14,
    "module": "mlp.gate_proj",
    "feat: in, out": "2048, 6144",
    "dtype: size": "bf16: 24.8MB",
    "loss": "0.0009962816",
    "samples": "156181",
    "damp": "0.05000",
    "time": "1.042",
    "fwd_time": "0.627",
    "(v)ram": "cuda 3.G"
}
{
    "process": "gptq",
    "layer": 14,
    "module": "mlp.up_proj",
    "feat: in, out": "2048, 6144",
    "dtype: size": "bf16: 24.8MB",
    "loss": "0.0010226217",
    "samples": "156181",
    "damp": "0.05000",
    "time": "1.082",
    "fwd_time": "0.627",
    "(v)ram": "cuda 3.G"
}
{
    "process": "gptq",
    "layer": 14,
    "module": "mlp.down_proj",
    "feat: in, out": "6144, 2048",
    "dtype: size": "bf16: 24.8MB",
    "loss": "0.0010071314",
    "samples": "156181",
    "damp": "0.05000",
    "time": "1.458",
    "fwd_time": "1.093",
    "(v)ram": "cuda 3.G"
}
{
    "process": "gptq",
    "layer": 15,
    "module": "self_attn.k_proj",
    "feat: in, out": "2048, 1024",
    "dtype: size": "bf16: 4.1MB",
    "loss": "0.0014955184",
    "samples": "156181",
    "damp": "0.05000",
    "time": "1.540",
    "fwd_time": "0.876",
    "(v)ram": "cuda 3.G"
}
{
    "process": "gptq",
    "layer": 15,
    "module": "self_attn.q_proj",
    "feat: in, out": "2048, 2048",
    "dtype: size": "bf16: 8.3MB",
    "loss": "0.0042895513",
    "samples": "156181",
    "damp": "0.05000",
    "time": "1.549",
    "fwd_time": "0.876",
    "(v)ram": "cuda 3.G"
}
{
    "process": "gptq",
    "layer": 15,
    "module": "self_attn.v_proj",
    "feat: in, out": "2048, 1024",
    "dtype: size": "bf16: 4.1MB",
    "loss": "0.0019073419",
    "samples": "156181",
    "damp": "0.05000",
    "time": "1.566",
    "fwd_time": "0.876",
    "(v)ram": "cuda 3.G"
}
{
    "process": "gptq",
    "layer": 15,
    "module": "self_attn.o_proj",
    "feat: in, out": "2048, 2048",
    "dtype: size": "bf16: 8.3MB",
    "loss": "0.0005646593",
    "samples": "156181",
    "damp": "0.05000",
    "time": "0.586",
    "fwd_time": "0.545",
    "(v)ram": "cuda 3.G"
}
{
    "process": "gptq",
    "layer": 15,
    "module": "mlp.up_proj",
    "feat: in, out": "2048, 6144",
    "dtype: size": "bf16: 24.8MB",
    "loss": "0.0012329858",
    "samples": "156181",
    "damp": "0.05000",
    "time": "1.005",
    "fwd_time": "0.755",
    "(v)ram": "cuda 3.G"
}
{
    "process": "gptq",
    "layer": 15,
    "module": "mlp.gate_proj",
    "feat: in, out": "2048, 6144",
    "dtype: size": "bf16: 24.8MB",
    "loss": "0.0011850406",
    "samples": "156181",
    "damp": "0.05000",
    "time": "1.025",
    "fwd_time": "0.755",
    "(v)ram": "cuda 3.G"
}
{
    "process": "gptq",
    "layer": 15,
    "module": "mlp.down_proj",
    "feat: in, out": "6144, 2048",
    "dtype: size": "bf16: 24.8MB",
    "loss": "0.0015368638",
    "samples": "156181",
    "damp": "0.05000",
    "time": "1.796",
    "fwd_time": "1.215",
    "(v)ram": "cuda 3.G"
}
{
    "process": "gptq",
    "layer": 16,
    "module": "self_attn.q_proj",
    "feat: in, out": "2048, 2048",
    "dtype: size": "bf16: 8.3MB",
    "loss": "0.0058814191",
    "samples": "156181",
    "damp": "0.05000",
    "time": "2.262",
    "fwd_time": "0.819",
    "(v)ram": "cuda 3.G"
}
{
    "process": "gptq",
    "layer": 16,
    "module": "self_attn.v_proj",
    "feat: in, out": "2048, 1024",
    "dtype: size": "bf16: 4.1MB",
    "loss": "0.0022058911",
    "samples": "156181",
    "damp": "0.05000",
    "time": "2.264",
    "fwd_time": "0.819",
    "(v)ram": "cuda 3.G"
}
{
    "process": "gptq",
    "layer": 16,
    "module": "self_attn.k_proj",
    "feat: in, out": "2048, 1024",
    "dtype: size": "bf16: 4.1MB",
    "loss": "0.0021868886",
    "samples": "156181",
    "damp": "0.05000",
    "time": "2.279",
    "fwd_time": "0.819",
    "(v)ram": "cuda 3.G"
}
{
    "process": "gptq",
    "layer": 16,
    "module": "self_attn.o_proj",
    "feat: in, out": "2048, 2048",
    "dtype: size": "bf16: 8.3MB",
    "loss": "0.0007037557",
    "samples": "156181",
    "damp": "0.05000",
    "time": "0.585",
    "fwd_time": "0.473",
    "(v)ram": "cuda 3.G"
}
{
    "process": "gptq",
    "layer": 16,
    "module": "mlp.gate_proj",
    "feat: in, out": "2048, 6144",
    "dtype: size": "bf16: 24.8MB",
    "loss": "0.0013766895",
    "samples": "156181",
    "damp": "0.05000",
    "time": "0.980",
    "fwd_time": "0.618",
    "(v)ram": "cuda 3.G"
}
{
    "process": "gptq",
    "layer": 16,
    "module": "mlp.up_proj",
    "feat: in, out": "2048, 6144",
    "dtype: size": "bf16: 24.8MB",
    "loss": "0.0015711789",
    "samples": "156181",
    "damp": "0.05000",
    "time": "0.998",
    "fwd_time": "0.618",
    "(v)ram": "cuda 3.G"
}
{
    "process": "gptq",
    "layer": 16,
    "module": "mlp.down_proj",
    "feat: in, out": "6144, 2048",
    "dtype: size": "bf16: 24.8MB",
    "loss": "0.0043745310",
    "samples": "156181",
    "damp": "0.05000",
    "time": "1.823",
    "fwd_time": "1.110",
    "(v)ram": "cuda 3.G"
}
{
    "process": "gptq",
    "layer": 17,
    "module": "self_attn.v_proj",
    "feat: in, out": "2048, 1024",
    "dtype: size": "bf16: 4.1MB",
    "loss": "0.0068929252",
    "samples": "156181",
    "damp": "0.05000",
    "time": "1.962",
    "fwd_time": "0.807",
    "(v)ram": "cuda 3.G"
}
{
    "process": "gptq",
    "layer": 17,
    "module": "self_attn.q_proj",
    "feat: in, out": "2048, 2048",
    "dtype: size": "bf16: 8.3MB",
    "loss": "0.0159870755",
    "samples": "156181",
    "damp": "0.05000",
    "time": "2.025",
    "fwd_time": "0.807",
    "(v)ram": "cuda 3.G"
}
{
    "process": "gptq",
    "layer": 17,
    "module": "self_attn.k_proj",
    "feat: in, out": "2048, 1024",
    "dtype: size": "bf16: 4.1MB",
    "loss": "0.0058926858",
    "samples": "156181",
    "damp": "0.05000",
    "time": "2.051",
    "fwd_time": "0.807",
    "(v)ram": "cuda 3.G"
}
{
    "process": "gptq",
    "layer": 17,
    "module": "self_attn.o_proj",
    "feat: in, out": "2048, 2048",
    "dtype: size": "bf16: 8.3MB",
    "loss": "0.0019054852",
    "samples": "156181",
    "damp": "0.05000",
    "time": "0.651",
    "fwd_time": "0.494",
    "(v)ram": "cuda 3.G"
}
{
    "process": "gptq",
    "layer": 17,
    "module": "mlp.up_proj",
    "feat: in, out": "2048, 6144",
    "dtype: size": "bf16: 24.8MB",
    "loss": "0.0024055816",
    "samples": "156181",
    "damp": "0.05000",
    "time": "1.109",
    "fwd_time": "0.695",
    "(v)ram": "cuda 3.G"
}
{
    "process": "gptq",
    "layer": 17,
    "module": "mlp.gate_proj",
    "feat: in, out": "2048, 6144",
    "dtype: size": "bf16: 24.8MB",
    "loss": "0.0020812556",
    "samples": "156181",
    "damp": "0.05000",
    "time": "1.111",
    "fwd_time": "0.695",
    "(v)ram": "cuda 3.G"
}
{
    "process": "gptq",
    "layer": 17,
    "module": "mlp.down_proj",
    "feat: in, out": "6144, 2048",
    "dtype: size": "bf16: 24.8MB",
    "loss": "0.0055101790",
    "samples": "156181",
    "damp": "0.05000",
    "time": "2.248",
    "fwd_time": "1.169",
    "(v)ram": "cuda 3.G"
}
{
    "process": "gptq",
    "layer": 18,
    "module": "self_attn.q_proj",
    "feat: in, out": "2048, 2048",
    "dtype: size": "bf16: 8.3MB",
    "loss": "0.0202583461",
    "samples": "156181",
    "damp": "0.05000",
    "time": "1.539",
    "fwd_time": "0.907",
    "(v)ram": "cuda 3.G"
}
{
    "process": "gptq",
    "layer": 18,
    "module": "self_attn.k_proj",
    "feat: in, out": "2048, 1024",
    "dtype: size": "bf16: 4.1MB",
    "loss": "0.0069243343",
    "samples": "156181",
    "damp": "0.05000",
    "time": "1.551",
    "fwd_time": "0.907",
    "(v)ram": "cuda 3.G"
}
{
    "process": "gptq",
    "layer": 18,
    "module": "self_attn.v_proj",
    "feat: in, out": "2048, 1024",
    "dtype: size": "bf16: 4.1MB",
    "loss": "0.0077723917",
    "samples": "156181",
    "damp": "0.05000",
    "time": "1.584",
    "fwd_time": "0.907",
    "(v)ram": "cuda 3.G"
}
{
    "process": "gptq",
    "layer": 18,
    "module": "self_attn.o_proj",
    "feat: in, out": "2048, 2048",
    "dtype: size": "bf16: 8.3MB",
    "loss": "0.0015943720",
    "samples": "156181",
    "damp": "0.05000",
    "time": "0.497",
    "fwd_time": "0.446",
    "(v)ram": "cuda 3.G"
}
{
    "process": "gptq",
    "layer": 18,
    "module": "mlp.gate_proj",
    "feat: in, out": "2048, 6144",
    "dtype: size": "bf16: 24.8MB",
    "loss": "0.0028111308",
    "samples": "156181",
    "damp": "0.05000",
    "time": "1.099",
    "fwd_time": "0.621",
    "(v)ram": "cuda 3.G"
}
{
    "process": "gptq",
    "layer": 18,
    "module": "mlp.up_proj",
    "feat: in, out": "2048, 6144",
    "dtype: size": "bf16: 24.8MB",
    "loss": "0.0032076245",
    "samples": "156181",
    "damp": "0.05000",
    "time": "1.164",
    "fwd_time": "0.621",
    "(v)ram": "cuda 3.G"
}
{
    "process": "gptq",
    "layer": 18,
    "module": "mlp.down_proj",
    "feat: in, out": "6144, 2048",
    "dtype: size": "bf16: 24.8MB",
    "loss": "0.0091698103",
    "samples": "156181",
    "damp": "0.05000",
    "time": "1.516",
    "fwd_time": "1.212",
    "(v)ram": "cuda 3.G"
}
{
    "process": "gptq",
    "layer": 19,
    "module": "self_attn.k_proj",
    "feat: in, out": "2048, 1024",
    "dtype: size": "bf16: 4.1MB",
    "loss": "0.0120593332",
    "samples": "156181",
    "damp": "0.05000",
    "time": "1.691",
    "fwd_time": "0.871",
    "(v)ram": "cuda 3.G"
}
{
    "process": "gptq",
    "layer": 19,
    "module": "self_attn.v_proj",
    "feat: in, out": "2048, 1024",
    "dtype: size": "bf16: 4.1MB",
    "loss": "0.0148572109",
    "samples": "156181",
    "damp": "0.05000",
    "time": "1.734",
    "fwd_time": "0.871",
    "(v)ram": "cuda 3.G"
}
{
    "process": "gptq",
    "layer": 19,
    "module": "self_attn.q_proj",
    "feat: in, out": "2048, 2048",
    "dtype: size": "bf16: 8.3MB",
    "loss": "0.0366573066",
    "samples": "156181",
    "damp": "0.05000",
    "time": "1.740",
    "fwd_time": "0.871",
    "(v)ram": "cuda 3.G"
}
{
    "process": "gptq",
    "layer": 19,
    "module": "self_attn.o_proj",
    "feat: in, out": "2048, 2048",
    "dtype: size": "bf16: 8.3MB",
    "loss": "0.0031281701",
    "samples": "156181",
    "damp": "0.05000",
    "time": "0.440",
    "fwd_time": "0.563",
    "(v)ram": "cuda 3.G"
}
{
    "process": "gptq",
    "layer": 19,
    "module": "mlp.gate_proj",
    "feat: in, out": "2048, 6144",
    "dtype: size": "bf16: 24.8MB",
    "loss": "0.0040539535",
    "samples": "156181",
    "damp": "0.05000",
    "time": "1.007",
    "fwd_time": "0.743",
    "(v)ram": "cuda 3.G"
}
{
    "process": "gptq",
    "layer": 19,
    "module": "mlp.up_proj",
    "feat: in, out": "2048, 6144",
    "dtype: size": "bf16: 24.8MB",
    "loss": "0.0046263610",
    "samples": "156181",
    "damp": "0.05000",
    "time": "1.016",
    "fwd_time": "0.743",
    "(v)ram": "cuda 3.G"
}
{
    "process": "gptq",
    "layer": 19,
    "module": "mlp.down_proj",
    "feat: in, out": "6144, 2048",
    "dtype: size": "bf16: 24.8MB",
    "loss": "0.0205441285",
    "samples": "156181",
    "damp": "0.05000",
    "time": "1.742",
    "fwd_time": "1.222",
    "(v)ram": "cuda 3.G"
}
{
    "process": "gptq",
    "layer": 20,
    "module": "self_attn.q_proj",
    "feat: in, out": "2048, 2048",
    "dtype: size": "bf16: 8.3MB",
    "loss": "0.0624265801",
    "samples": "156181",
    "damp": "0.05000",
    "time": "2.053",
    "fwd_time": "0.871",
    "(v)ram": "cuda 3.G"
}
{
    "process": "gptq",
    "layer": 20,
    "module": "self_attn.k_proj",
    "feat: in, out": "2048, 1024",
    "dtype: size": "bf16: 4.1MB",
    "loss": "0.0219315475",
    "samples": "156181",
    "damp": "0.05000",
    "time": "2.115",
    "fwd_time": "0.871",
    "(v)ram": "cuda 3.G"
}
{
    "process": "gptq",
    "layer": 20,
    "module": "self_attn.v_proj",
    "feat: in, out": "2048, 1024",
    "dtype: size": "bf16: 4.1MB",
    "loss": "0.0258996764",
    "samples": "156181",
    "damp": "0.05000",
    "time": "2.126",
    "fwd_time": "0.871",
    "(v)ram": "cuda 3.G"
}
{
    "process": "gptq",
    "layer": 20,
    "module": "self_attn.o_proj",
    "feat: in, out": "2048, 2048",
    "dtype: size": "bf16: 8.3MB",
    "loss": "0.0046824928",
    "samples": "156181",
    "damp": "0.05000",
    "time": "0.592",
    "fwd_time": "0.463",
    "(v)ram": "cuda 3.G"
}
{
    "process": "gptq",
    "layer": 20,
    "module": "mlp.gate_proj",
    "feat: in, out": "2048, 6144",
    "dtype: size": "bf16: 24.8MB",
    "loss": "0.0053347515",
    "samples": "156181",
    "damp": "0.05000",
    "time": "0.965",
    "fwd_time": "0.609",
    "(v)ram": "cuda 3.G"
}
{
    "process": "gptq",
    "layer": 20,
    "module": "mlp.up_proj",
    "feat: in, out": "2048, 6144",
    "dtype: size": "bf16: 24.8MB",
    "loss": "0.0060110912",
    "samples": "156181",
    "damp": "0.05000",
    "time": "0.981",
    "fwd_time": "0.609",
    "(v)ram": "cuda 3.G"
}
{
    "process": "gptq",
    "layer": 20,
    "module": "mlp.down_proj",
    "feat: in, out": "6144, 2048",
    "dtype: size": "bf16: 24.8MB",
    "loss": "0.0289882700",
    "samples": "156181",
    "damp": "0.05000",
    "time": "1.756",
    "fwd_time": "1.092",
    "(v)ram": "cuda 3.G"
}
{
    "process": "gptq",
    "layer": 21,
    "module": "self_attn.v_proj",
    "feat: in, out": "2048, 1024",
    "dtype: size": "bf16: 4.1MB",
    "loss": "0.0418343678",
    "samples": "156181",
    "damp": "0.05000",
    "time": "1.734",
    "fwd_time": "0.941",
    "(v)ram": "cuda 3.G"
}
{
    "process": "gptq",
    "layer": 21,
    "module": "self_attn.k_proj",
    "feat: in, out": "2048, 1024",
    "dtype: size": "bf16: 4.1MB",
    "loss": "0.0330228704",
    "samples": "156181",
    "damp": "0.05000",
    "time": "1.854",
    "fwd_time": "0.941",
    "(v)ram": "cuda 3.G"
}
{
    "process": "gptq",
    "layer": 21,
    "module": "self_attn.q_proj",
    "feat: in, out": "2048, 2048",
    "dtype: size": "bf16: 8.3MB",
    "loss": "0.0909021799",
    "samples": "156181",
    "damp": "0.05000",
    "time": "1.870",
    "fwd_time": "0.941",
    "(v)ram": "cuda 3.G"
}
{
    "process": "gptq",
    "layer": 21,
    "module": "self_attn.o_proj",
    "feat: in, out": "2048, 2048",
    "dtype: size": "bf16: 8.3MB",
    "loss": "0.0074903624",
    "samples": "156181",
    "damp": "0.05000",
    "time": "0.602",
    "fwd_time": "0.451",
    "(v)ram": "cuda 3.G"
}
{
    "process": "gptq",
    "layer": 21,
    "module": "mlp.gate_proj",
    "feat: in, out": "2048, 6144",
    "dtype: size": "bf16: 24.8MB",
    "loss": "0.0064162365",
    "samples": "156181",
    "damp": "0.05000",
    "time": "1.187",
    "fwd_time": "0.622",
    "(v)ram": "cuda 3.G"
}
{
    "process": "gptq",
    "layer": 21,
    "module": "mlp.up_proj",
    "feat: in, out": "2048, 6144",
    "dtype: size": "bf16: 24.8MB",
    "loss": "0.0073825336",
    "samples": "156181",
    "damp": "0.05000",
    "time": "1.193",
    "fwd_time": "0.622",
    "(v)ram": "cuda 3.G"
}
{
    "process": "gptq",
    "layer": 21,
    "module": "mlp.down_proj",
    "feat: in, out": "6144, 2048",
    "dtype: size": "bf16: 24.8MB",
    "loss": "0.0432560706",
    "samples": "156181",
    "damp": "0.05000",
    "time": "1.414",
    "fwd_time": "1.164",
    "(v)ram": "cuda 3.G"
}
{
    "process": "gptq",
    "layer": 22,
    "module": "self_attn.v_proj",
    "feat: in, out": "2048, 1024",
    "dtype: size": "bf16: 4.1MB",
    "loss": "0.0544948149",
    "samples": "156181",
    "damp": "0.05000",
    "time": "1.746",
    "fwd_time": "0.903",
    "(v)ram": "cuda 3.G"
}
{
    "process": "gptq",
    "layer": 22,
    "module": "self_attn.q_proj",
    "feat: in, out": "2048, 2048",
    "dtype: size": "bf16: 8.3MB",
    "loss": "0.1232632706",
    "samples": "156181",
    "damp": "0.05000",
    "time": "1.786",
    "fwd_time": "0.903",
    "(v)ram": "cuda 3.G"
}
{
    "process": "gptq",
    "layer": 22,
    "module": "self_attn.k_proj",
    "feat: in, out": "2048, 1024",
    "dtype: size": "bf16: 4.1MB",
    "loss": "0.0455965542",
    "samples": "156181",
    "damp": "0.05000",
    "time": "1.818",
    "fwd_time": "0.903",
    "(v)ram": "cuda 3.G"
}
{
    "process": "gptq",
    "layer": 22,
    "module": "self_attn.o_proj",
    "feat: in, out": "2048, 2048",
    "dtype: size": "bf16: 8.3MB",
    "loss": "0.0079155127",
    "samples": "156181",
    "damp": "0.05000",
    "time": "0.444",
    "fwd_time": "0.503",
    "(v)ram": "cuda 3.G"
}
{
    "process": "gptq",
    "layer": 22,
    "module": "mlp.up_proj",
    "feat: in, out": "2048, 6144",
    "dtype: size": "bf16: 24.8MB",
    "loss": "0.0084750520",
    "samples": "156181",
    "damp": "0.05000",
    "time": "1.052",
    "fwd_time": "0.750",
    "(v)ram": "cuda 3.G"
}
{
    "process": "gptq",
    "layer": 22,
    "module": "mlp.gate_proj",
    "feat: in, out": "2048, 6144",
    "dtype: size": "bf16: 24.8MB",
    "loss": "0.0074081660",
    "samples": "156181",
    "damp": "0.05000",
    "time": "1.095",
    "fwd_time": "0.750",
    "(v)ram": "cuda 3.G"
}
{
    "process": "gptq",
    "layer": 22,
    "module": "mlp.down_proj",
    "feat: in, out": "6144, 2048",
    "dtype: size": "bf16: 24.8MB",
    "loss": "0.0500295681",
    "samples": "156181",
    "damp": "0.05000",
    "time": "1.918",
    "fwd_time": "1.169",
    "(v)ram": "cuda 3.G"
}
{
    "process": "gptq",
    "layer": 23,
    "module": "self_attn.q_proj",
    "feat: in, out": "2048, 2048",
    "dtype: size": "bf16: 8.3MB",
    "loss": "0.1292387718",
    "samples": "156181",
    "damp": "0.05000",
    "time": "1.767",
    "fwd_time": "0.972",
    "(v)ram": "cuda 3.G"
}
{
    "process": "gptq",
    "layer": 23,
    "module": "self_attn.v_proj",
    "feat: in, out": "2048, 1024",
    "dtype: size": "bf16: 4.1MB",
    "loss": "0.0642684497",
    "samples": "156181",
    "damp": "0.05000",
    "time": "1.779",
    "fwd_time": "0.972",
    "(v)ram": "cuda 3.G"
}
{
    "process": "gptq",
    "layer": 23,
    "module": "self_attn.k_proj",
    "feat: in, out": "2048, 1024",
    "dtype: size": "bf16: 4.1MB",
    "loss": "0.0558346816",
    "samples": "156181",
    "damp": "0.05000",
    "time": "1.784",
    "fwd_time": "0.972",
    "(v)ram": "cuda 3.G"
}
{
    "process": "gptq",
    "layer": 23,
    "module": "self_attn.o_proj",
    "feat: in, out": "2048, 2048",
    "dtype: size": "bf16: 8.3MB",
    "loss": "0.0081718313",
    "samples": "156181",
    "damp": "0.05000",
    "time": "0.583",
    "fwd_time": "0.500",
    "(v)ram": "cuda 3.G"
}
{
    "process": "gptq",
    "layer": 23,
    "module": "mlp.up_proj",
    "feat: in, out": "2048, 6144",
    "dtype: size": "bf16: 24.8MB",
    "loss": "0.0101056533",
    "samples": "156181",
    "damp": "0.05000",
    "time": "0.888",
    "fwd_time": "0.596",
    "(v)ram": "cuda 3.G"
}
{
    "process": "gptq",
    "layer": 23,
    "module": "mlp.gate_proj",
    "feat: in, out": "2048, 6144",
    "dtype: size": "bf16: 24.8MB",
    "loss": "0.0088745690",
    "samples": "156181",
    "damp": "0.05000",
    "time": "0.951",
    "fwd_time": "0.596",
    "(v)ram": "cuda 3.G"
}
{
    "process": "gptq",
    "layer": 23,
    "module": "mlp.down_proj",
    "feat: in, out": "6144, 2048",
    "dtype: size": "bf16: 24.8MB",
    "loss": "0.0569697328",
    "samples": "156181",
    "damp": "0.05000",
    "time": "1.808",
    "fwd_time": "1.098",
    "(v)ram": "cuda 3.G"
}
{
    "process": "gptq",
    "layer": 24,
    "module": "self_attn.k_proj",
    "feat: in, out": "2048, 1024",
    "dtype: size": "bf16: 4.1MB",
    "loss": "0.0967108137",
    "samples": "156181",
    "damp": "0.05000",
    "time": "1.714",
    "fwd_time": "0.897",
    "(v)ram": "cuda 3.G"
}
{
    "process": "gptq",
    "layer": 24,
    "module": "self_attn.v_proj",
    "feat: in, out": "2048, 1024",
    "dtype: size": "bf16: 4.1MB",
    "loss": "0.1001451991",
    "samples": "156181",
    "damp": "0.05000",
    "time": "1.723",
    "fwd_time": "0.897",
    "(v)ram": "cuda 3.G"
}
{
    "process": "gptq",
    "layer": 24,
    "module": "self_attn.q_proj",
    "feat: in, out": "2048, 2048",
    "dtype: size": "bf16: 8.3MB",
    "loss": "0.2494710414",
    "samples": "156181",
    "damp": "0.05000",
    "time": "1.737",
    "fwd_time": "0.897",
    "(v)ram": "cuda 3.G"
}
{
    "process": "gptq",
    "layer": 24,
    "module": "self_attn.o_proj",
    "feat: in, out": "2048, 2048",
    "dtype: size": "bf16: 8.3MB",
    "loss": "0.0107451826",
    "samples": "156181",
    "damp": "0.05000",
    "time": "0.594",
    "fwd_time": "0.544",
    "(v)ram": "cuda 3.G"
}
{
    "process": "gptq",
    "layer": 24,
    "module": "mlp.up_proj",
    "feat: in, out": "2048, 6144",
    "dtype: size": "bf16: 24.8MB",
    "loss": "0.0099158445",
    "samples": "156181",
    "damp": "0.05000",
    "time": "1.024",
    "fwd_time": "0.750",
    "(v)ram": "cuda 3.G"
}
{
    "process": "gptq",
    "layer": 24,
    "module": "mlp.gate_proj",
    "feat: in, out": "2048, 6144",
    "dtype: size": "bf16: 24.8MB",
    "loss": "0.0084562460",
    "samples": "156181",
    "damp": "0.05000",
    "time": "1.028",
    "fwd_time": "0.750",
    "(v)ram": "cuda 3.G"
}
{
    "process": "gptq",
    "layer": 24,
    "module": "mlp.down_proj",
    "feat: in, out": "6144, 2048",
    "dtype: size": "bf16: 24.8MB",
    "loss": "0.0684065708",
    "samples": "156181",
    "damp": "0.05000",
    "time": "1.662",
    "fwd_time": "1.102",
    "(v)ram": "cuda 3.G"
}
{
    "process": "gptq",
    "layer": 25,
    "module": "self_attn.k_proj",
    "feat: in, out": "2048, 1024",
    "dtype: size": "bf16: 4.1MB",
    "loss": "0.1059820517",
    "samples": "156181",
    "damp": "0.05000",
    "time": "1.954",
    "fwd_time": "0.825",
    "(v)ram": "cuda 3.G"
}
{
    "process": "gptq",
    "layer": 25,
    "module": "self_attn.v_proj",
    "feat: in, out": "2048, 1024",
    "dtype: size": "bf16: 4.1MB",
    "loss": "0.1419158951",
    "samples": "156181",
    "damp": "0.05000",
    "time": "1.996",
    "fwd_time": "0.825",
    "(v)ram": "cuda 3.G"
}
{
    "process": "gptq",
    "layer": 25,
    "module": "self_attn.q_proj",
    "feat: in, out": "2048, 2048",
    "dtype: size": "bf16: 8.3MB",
    "loss": "0.2793517117",
    "samples": "156181",
    "damp": "0.05000",
    "time": "2.019",
    "fwd_time": "0.825",
    "(v)ram": "cuda 3.G"
}
{
    "process": "gptq",
    "layer": 25,
    "module": "self_attn.o_proj",
    "feat: in, out": "2048, 2048",
    "dtype: size": "bf16: 8.3MB",
    "loss": "0.0134645100",
    "samples": "156181",
    "damp": "0.05000",
    "time": "0.585",
    "fwd_time": "0.414",
    "(v)ram": "cuda 3.G"
}
{
    "process": "gptq",
    "layer": 25,
    "module": "mlp.up_proj",
    "feat: in, out": "2048, 6144",
    "dtype: size": "bf16: 24.8MB",
    "loss": "0.0095646441",
    "samples": "156181",
    "damp": "0.05000",
    "time": "1.167",
    "fwd_time": "0.600",
    "(v)ram": "cuda 3.G"
}
{
    "process": "gptq",
    "layer": 25,
    "module": "mlp.gate_proj",
    "feat: in, out": "2048, 6144",
    "dtype: size": "bf16: 24.8MB",
    "loss": "0.0079696632",
    "samples": "156181",
    "damp": "0.05000",
    "time": "1.180",
    "fwd_time": "0.600",
    "(v)ram": "cuda 3.G"
}
{
    "process": "gptq",
    "layer": 25,
    "module": "mlp.down_proj",
    "feat: in, out": "6144, 2048",
    "dtype: size": "bf16: 24.8MB",
    "loss": "0.0837110293",
    "samples": "156181",
    "damp": "0.05000",
    "time": "1.640",
    "fwd_time": "1.232",
    "(v)ram": "cuda 3.G"
}
{
    "process": "gptq",
    "layer": 26,
    "module": "self_attn.k_proj",
    "feat: in, out": "2048, 1024",
    "dtype: size": "bf16: 4.1MB",
    "loss": "0.1038478342",
    "samples": "156181",
    "damp": "0.05000",
    "time": "1.731",
    "fwd_time": "0.819",
    "(v)ram": "cuda 3.G"
}
{
    "process": "gptq",
    "layer": 26,
    "module": "self_attn.q_proj",
    "feat: in, out": "2048, 2048",
    "dtype: size": "bf16: 8.3MB",
    "loss": "0.3192267705",
    "samples": "156181",
    "damp": "0.05000",
    "time": "1.765",
    "fwd_time": "0.819",
    "(v)ram": "cuda 3.G"
}
{
    "process": "gptq",
    "layer": 26,
    "module": "self_attn.v_proj",
    "feat: in, out": "2048, 1024",
    "dtype: size": "bf16: 4.1MB",
    "loss": "0.1467795303",
    "samples": "156181",
    "damp": "0.05000",
    "time": "1.839",
    "fwd_time": "0.819",
    "(v)ram": "cuda 3.G"
}
{
    "process": "gptq",
    "layer": 26,
    "module": "self_attn.o_proj",
    "feat: in, out": "2048, 2048",
    "dtype: size": "bf16: 8.3MB",
    "loss": "0.0219148839",
    "samples": "156181",
    "damp": "0.05000",
    "time": "0.466",
    "fwd_time": "0.531",
    "(v)ram": "cuda 3.G"
}
{
    "process": "gptq",
    "layer": 26,
    "module": "mlp.gate_proj",
    "feat: in, out": "2048, 6144",
    "dtype: size": "bf16: 24.8MB",
    "loss": "0.0080421928",
    "samples": "156181",
    "damp": "0.05000",
    "time": "0.849",
    "fwd_time": "0.752",
    "(v)ram": "cuda 3.G"
}
{
    "process": "gptq",
    "layer": 26,
    "module": "mlp.up_proj",
    "feat: in, out": "2048, 6144",
    "dtype: size": "bf16: 24.8MB",
    "loss": "0.0095115464",
    "samples": "156181",
    "damp": "0.05000",
    "time": "0.902",
    "fwd_time": "0.752",
    "(v)ram": "cuda 3.G"
}
{
    "process": "gptq",
    "layer": 26,
    "module": "mlp.down_proj",
    "feat: in, out": "6144, 2048",
    "dtype: size": "bf16: 24.8MB",
    "loss": "0.1010137577",
    "samples": "156181",
    "damp": "0.05000",
    "time": "1.804",
    "fwd_time": "1.252",
    "(v)ram": "cuda 3.G"
}
{
    "process": "gptq",
    "layer": 27,
    "module": "self_attn.k_proj",
    "feat: in, out": "2048, 1024",
    "dtype: size": "bf16: 4.1MB",
    "loss": "0.0513663177",
    "samples": "156181",
    "damp": "0.05000",
    "time": "1.552",
    "fwd_time": "0.933",
    "(v)ram": "cuda 3.G"
}
{
    "process": "gptq",
    "layer": 27,
    "module": "self_attn.q_proj",
    "feat: in, out": "2048, 2048",
    "dtype: size": "bf16: 8.3MB",
    "loss": "0.1127994247",
    "samples": "156181",
    "damp": "0.05000",
    "time": "1.629",
    "fwd_time": "0.933",
    "(v)ram": "cuda 3.G"
}
{
    "process": "gptq",
    "layer": 27,
    "module": "self_attn.v_proj",
    "feat: in, out": "2048, 1024",
    "dtype: size": "bf16: 4.1MB",
    "loss": "0.0622523782",
    "samples": "156181",
    "damp": "0.05000",
    "time": "1.646",
    "fwd_time": "0.933",
    "(v)ram": "cuda 3.G"
}
{
    "process": "gptq",
    "layer": 27,
    "module": "self_attn.o_proj",
    "feat: in, out": "2048, 2048",
    "dtype: size": "bf16: 8.3MB",
    "loss": "0.0167498155",
    "samples": "156181",
    "damp": "0.05000",
    "time": "0.437",
    "fwd_time": "0.609",
    "(v)ram": "cuda 3.G"
}
{
    "process": "gptq",
    "layer": 27,
    "module": "mlp.up_proj",
    "feat: in, out": "2048, 6144",
    "dtype: size": "bf16: 24.8MB",
    "loss": "0.0132706166",
    "samples": "156181",
    "damp": "0.05000",
    "time": "0.908",
    "fwd_time": "0.831",
    "(v)ram": "cuda 3.G"
}
{
    "process": "gptq",
    "layer": 27,
    "module": "mlp.gate_proj",
    "feat: in, out": "2048, 6144",
    "dtype: size": "bf16: 24.8MB",
    "loss": "0.0132415647",
    "samples": "156181",
    "damp": "0.05000",
    "time": "0.949",
    "fwd_time": "0.831",
    "(v)ram": "cuda 3.G"
}
{
    "process": "gptq",
    "layer": 27,
    "module": "mlp.down_proj",
    "feat: in, out": "6144, 2048",
    "dtype: size": "bf16: 24.8MB",
    "loss": "0.2138180971",
    "samples": "156181",
    "damp": "0.05000",
    "time": "1.719",
    "fwd_time": "1.242",
    "(v)ram": "cuda 3.G"
}
